BL51 BANKED LINKER/LOCATER V6.22                                                        11/21/2019  20:42:59  PAGE 1


BL51 BANKED LINKER/LOCATER V6.22, INVOKED BY:
D:\PROGRAM FILES (X86)\KEILV9\C51\BIN\BL51.EXE .\Object\main.obj, .\Object\hal_delay.obj, .\Object\hal_clk.obj, .\Object
>> \hal_rtc.obj, .\Object\hal_adc.obj, .\Object\hal_nrf_hw.obj, .\Object\hal_wdog.obj, .\Object\hal_nrf.obj, .\Object\ha
>> l_uart.obj TO .\Object\Tag PRINT (.\List\Tag.m51) RAMSIZE (256) DISABLEWARNING (15, 16)


MEMORY MODEL: SMALL


INPUT MODULES INCLUDED:
  .\Object\main.obj (MAIN)
  .\Object\hal_delay.obj (HAL_DELAY)
  .\Object\hal_clk.obj (HAL_CLK)
  .\Object\hal_rtc.obj (HAL_RTC)
  .\Object\hal_adc.obj (HAL_ADC)
  .\Object\hal_nrf_hw.obj (HAL_NRF_HW)
  .\Object\hal_wdog.obj (HAL_WDOG)
  .\Object\hal_nrf.obj (HAL_NRF)
  .\Object\hal_uart.obj (HAL_UART)
  D:\PROGRAM FILES (X86)\KEILV9\C51\LIB\C51S.LIB (?C_STARTUP)
  D:\PROGRAM FILES (X86)\KEILV9\C51\LIB\C51S.LIB (?C?COPY)
  D:\PROGRAM FILES (X86)\KEILV9\C51\LIB\C51S.LIB (?C?CLDPTR)
  D:\PROGRAM FILES (X86)\KEILV9\C51\LIB\C51S.LIB (?C?CLDOPTR)
  D:\PROGRAM FILES (X86)\KEILV9\C51\LIB\C51S.LIB (?C?CSTPTR)
  D:\PROGRAM FILES (X86)\KEILV9\C51\LIB\C51S.LIB (?C?CSTOPTR)
  D:\PROGRAM FILES (X86)\KEILV9\C51\LIB\C51S.LIB (?C?UIDIV)
  D:\PROGRAM FILES (X86)\KEILV9\C51\LIB\C51S.LIB (?C?ISTPTR)
  D:\PROGRAM FILES (X86)\KEILV9\C51\LIB\C51S.LIB (?C?SLCMP)
  D:\PROGRAM FILES (X86)\KEILV9\C51\LIB\C51S.LIB (?C?ULCMP)
  D:\PROGRAM FILES (X86)\KEILV9\C51\LIB\C51S.LIB (?C?LSTXDATA)
  D:\PROGRAM FILES (X86)\KEILV9\C51\LIB\C51S.LIB (?C?LSTKXDATA)
  D:\PROGRAM FILES (X86)\KEILV9\C51\LIB\C51S.LIB (STRLEN)
  D:\PROGRAM FILES (X86)\KEILV9\C51\LIB\C51S.LIB (?C_INIT)


LINK MAP OF MODULE:  .\Object\Tag (MAIN)


            TYPE    BASE      LENGTH    RELOCATION   SEGMENT NAME
            -----------------------------------------------------

            * * * * * * *   D A T A   M E M O R Y   * * * * * * *
            REG     0000H     0008H     ABSOLUTE     "REG BANK 0"
            DATA    0008H     0015H     UNIT         _DATA_GROUP_
            DATA    001DH     000CH     UNIT         ?DT?_HAL_NRF_READ_MULTIBYTE_REG?HAL_NRF
            DATA    0029H     0007H     UNIT         ?DT?MAIN
            DATA    0030H     0006H     UNIT         ?DT?HAL_UART
            DATA    0036H     0005H     UNIT         ?DT?_HAL_NRF_GET_PIPE_STATUS?HAL_NRF
            DATA    003BH     0005H     UNIT         ?DT?_HAL_NRF_WRITE_ACK_PAYLOAD?HAL_NRF
            DATA    0040H     0004H     UNIT         ?DT?_HAL_NRF_GET_ADDRESS?HAL_NRF
            DATA    0044H     0003H     UNIT         ?DT?_PRINTINT16?MAIN
            DATA    0047H     0003H     UNIT         ?DT?_HAL_NRF_SET_IRQ_MODE?HAL_NRF
            DATA    004AH     0002H     UNIT         ?DT?_HAL_NRF_ENABLE_ACK_PAYLOAD?HAL_NRF
            DATA    004CH     0002H     UNIT         ?DT?_HAL_NRF_ENABLE_DYNAMIC_ACK?HAL_NRF
            DATA    004EH     0002H     UNIT         ?DT?_HAL_NRF_SET_PLL_MODE?HAL_NRF
            DATA    0050H     0002H     UNIT         ?DT?_HAL_NRF_ENABLE_CONTINIOUS_WAVE?HAL_NRF
            DATA    0052H     0001H     UNIT         ?DT?HAL_NRF_CLEAR_IRQ_FLAGS_GET_STATUS?HAL_NRF
            DATA    0053H     0001H     UNIT         ?DT?_HAL_NRF_GET_RX_PAYLOAD_WIDTH?HAL_NRF
BL51 BANKED LINKER/LOCATER V6.22                                                      11/21/2019  20:42:59  PAGE 2


            DATA    0054H     0001H     UNIT         ?DT?_HAL_NRF_SETUP_DYNAMIC_PAYLOAD?HAL_NRF
            IDATA   0055H     0040H     UNIT         ?ID?HAL_UART
            IDATA   0095H     0001H     UNIT         ?STACK

            * * * * * * *  X D A T A   M E M O R Y  * * * * * * *
            XDATA   0000H     004FH     UNIT         ?XD?MAIN
            XDATA   004FH     0004H     UNIT         _XDATA_GROUP_

            * * * * * * *   C O D E   M E M O R Y   * * * * * * *
            CODE    0000H     0003H     ABSOLUTE     
            CODE    0003H     0020H     UNIT         ?CO?MAIN
            CODE    0023H     0003H     ABSOLUTE     
            CODE    0026H     0024H     UNIT         ?PR?ADC_INIT?MAIN
            CODE    004AH     0001H     UNIT         ?PR?HAL_NRF_ACTIVATE_FEATURES?HAL_NRF
            CODE    004BH     0003H     ABSOLUTE     
            CODE    004EH     0248H     UNIT         ?C?LIB_CODE
            CODE    0296H     014CH     UNIT         ?PR?_HAL_NRF_READ_MULTIBYTE_REG?HAL_NRF
            CODE    03E2H     0127H     UNIT         ?PR?_SETMAC?MAIN
            CODE    0509H     00FFH     UNIT         ?PR?_SETDATA?MAIN
            CODE    0608H     00D8H     UNIT         ?PR?_BLECRC?MAIN
            CODE    06E0H     00C4H     UNIT         ?PR?MAIN?MAIN
            CODE    07A4H     00B9H     UNIT         ?PR?_HAL_NRF_GET_PIPE_STATUS?HAL_NRF
            CODE    085DH     00B5H     UNIT         ?PR?_HAL_NRF_WRITE_MULTIBYTE_REG?HAL_NRF
            CODE    0912H     00A5H     UNIT         ?PR?ASSEMBLE_DATA?MAIN
            CODE    09B7H     009AH     UNIT         ?PR?_BLEPACKETENCODE?MAIN
            CODE    0A51H     008CH     UNIT         ?C_C51STARTUP
            CODE    0ADDH     0081H     UNIT         ?PR?_PRINTINT16?MAIN
            CODE    0B5EH     007EH     UNIT         ?PR?RFCOFIG?MAIN
            CODE    0BDCH     0075H     UNIT         ?PR?_HAL_NRF_SET_IRQ_MODE?HAL_NRF
            CODE    0C51H     0072H     UNIT         ?PR?_HAL_NRF_OPEN_PIPE?HAL_NRF
            CODE    0CC3H     0064H     UNIT         ?PR?RF_IRQ?MAIN
            CODE    0D27H     005CH     UNIT         ?C_INITSEG
            CODE    0D83H     0052H     UNIT         ?PR?_HAL_NRF_CLOSE_PIPE?HAL_NRF
            CODE    0DD5H     0050H     UNIT         ?PR?_CAL_CRC?MAIN
            CODE    0E25H     0050H     UNIT         ?PR?_HAL_NRF_GET_RX_PAYLOAD_WIDTH?HAL_NRF
            CODE    0E75H     0049H     UNIT         ?PR?UART0_ISR?HAL_UART
            CODE    0EBEH     0047H     UNIT         ?PR?_HAL_NRF_SET_DATARATE?HAL_NRF
            CODE    0F05H     0044H     UNIT         ?PR?_HAL_NRF_SET_CRC_MODE?HAL_NRF
            CODE    0F49H     0043H     UNIT         ?PR?_HAL_UART_INIT?HAL_UART
            CODE    0F8CH     0040H     UNIT         ?PR?_BLEWHITEN?MAIN
            CODE    0FCCH     003EH     UNIT         ?PR?_HAL_NRF_SET_ADDRESS?HAL_NRF
            CODE    100AH     003BH     UNIT         ?PR?_REVERSEBITS?MAIN
            CODE    1045H     003BH     UNIT         ?PR?_SET_TIMER_PERIOD?MAIN
            CODE    1080H     0038H     UNIT         ?PR?_SENDADV?MAIN
            CODE    10B8H     0036H     UNIT         ?PR?_HAL_NRF_GET_ADDRESS?HAL_NRF
            CODE    10EEH     0033H     UNIT         ?PR?_FILL_CRC?MAIN
            CODE    1121H     0030H     UNIT         ?PR?MCU_INIT?MAIN
            CODE    1151H     002EH     UNIT         ?PR?_HAL_NRF_ENABLE_CONTINIOUS_WAVE?HAL_NRF
            CODE    117FH     002DH     UNIT         ?PR?_UART0_SENDSTR?MAIN
            CODE    11ACH     002CH     UNIT         ?PR?_HAL_NRF_ENABLE_DYNAMIC_PAYLOAD?HAL_NRF
            CODE    11D8H     002BH     UNIT         ?PR?_HAL_NRF_SET_PLL_MODE?HAL_NRF
            CODE    1203H     002AH     UNIT         ?PR?_DELAY_MS?HAL_DELAY
            CODE    122DH     002AH     UNIT         ?PR?_HAL_NRF_ENABLE_ACK_PAYLOAD?HAL_NRF
            CODE    1257H     0027H     UNIT         ?PR?_HAL_NRF_ENABLE_DYNAMIC_ACK?HAL_NRF
            CODE    127EH     0026H     UNIT         ?PR?_HAL_NRF_SET_OPERATION_MODE?HAL_NRF
            CODE    12A4H     0026H     UNIT         ?PR?_HAL_NRF_SET_POWER_MODE?HAL_NRF
            CODE    12CAH     0026H     UNIT         ?PR?_HAL_NRF_SET_AUTO_RETR?HAL_NRF
BL51 BANKED LINKER/LOCATER V6.22                                                      11/21/2019  20:42:59  PAGE 3


            CODE    12F0H     0024H     UNIT         ?PR?_HAL_UART_PUTCHAR?HAL_UART
            CODE    1314H     0021H     UNIT         ?PR?_HAL_NRF_SET_OUTPUT_POWER?HAL_NRF
            CODE    1335H     001FH     UNIT         ?PR?HAL_RTC_GET_COMPARE_VALUE?HAL_RTC
            CODE    1354H     001FH     UNIT         ?PR?HAL_RTC_GET_CAPTURE_VALUE?HAL_RTC
            CODE    1373H     001DH     UNIT         ?PR?_HAL_NRF_WRITE_REG?HAL_NRF
            CODE    1390H     001CH     UNIT         ?PR?_SETPHONE?MAIN
            CODE    13ACH     001AH     UNIT         ?PR?_HAL_NRF_READ_REG?HAL_NRF
            CODE    13C6H     0019H     UNIT         ?PR?HAL_NRF_CLEAR_IRQ_FLAGS_GET_STATUS?HAL_NRF
            CODE    13DFH     0019H     UNIT         ?PR?_HAL_NRF_SET_ADDRESS_WIDTH?HAL_NRF
            CODE    13F8H     0019H     UNIT         ?PR?HAL_UART_GETCHAR?HAL_UART
            CODE    1411H     0017H     UNIT         ?PR?HAL_NRF_GET_PACKET_LOST_CTR?HAL_NRF
            CODE    1428H     0017H     UNIT         ?PR?_HAL_NRF_SET_RF_CHANNEL?HAL_NRF
            CODE    143FH     0017H     UNIT         ?PR?HAL_NRF_GET_TX_FIFO_STATUS?HAL_NRF
            CODE    1456H     0016H     UNIT         ?PR?IOINIT?MAIN
            CODE    146CH     0015H     UNIT         ?PR?_STRLEN?STRLEN
            CODE    1481H     0013H     UNIT         ?PR?HAL_NRF_GET_REUSE_TX_STATUS?HAL_NRF
            CODE    1494H     0012H     UNIT         ?PR?_HAL_CLK_SET_INPUT?HAL_CLK
            CODE    14A6H     0012H     UNIT         ?PR?_HAL_RTC_SET_COMPARE_VALUE?HAL_RTC
            CODE    14B8H     0012H     UNIT         ?PR?_HAL_NRF_CLEAR_IRQ_FLAG?HAL_NRF
            CODE    14CAH     0011H     UNIT         ?PR?HAL_ADC_GET_OVERFLOW_STATUS?HAL_ADC
            CODE    14DBH     0010H     UNIT         ?PR?_HAL_CLK_REGRET_XOSC16M_ON?HAL_CLK
            CODE    14EBH     0010H     UNIT         ?PR?_HAL_CLK_SET_16M_SOURCE?HAL_CLK
            CODE    14FBH     0010H     UNIT         ?PR?_HAL_ADC_SET_INPUT_CHANNEL?HAL_ADC
            CODE    150BH     0010H     UNIT         ?PR?_HAL_ADC_SET_CONVERSION_MODE?HAL_ADC
            CODE    151BH     0010H     UNIT         ?PR?_HAL_ADC_SET_SAMPLING_RATE?HAL_ADC
            CODE    152BH     0010H     UNIT         ?PR?_HAL_ADC_SET_POWER_DOWN_DELAY?HAL_ADC
            CODE    153BH     0010H     UNIT         ?PR?_HAL_ADC_SET_DATA_JUST?HAL_ADC
            CODE    154BH     000FH     UNIT         ?PR?_DELAY_US?HAL_DELAY
            CODE    155AH     000FH     UNIT         ?PR?_HAL_ADC_SET_INPUT_MODE?HAL_ADC
            CODE    1569H     000FH     UNIT         ?PR?_HAL_ADC_SET_RESOLUTION?HAL_ADC
            CODE    1578H     000EH     UNIT         ?PR?_HAL_RTC_SET_COMPARE_MODE?HAL_RTC
            CODE    1586H     000EH     UNIT         ?PR?HAL_NRF_TX_FIFO_FULL?HAL_NRF
            CODE    1594H     000EH     UNIT         ?PR?HAL_NRF_GET_RX_DATA_SOURCE?HAL_NRF
            CODE    15A2H     000DH     UNIT         ?PR?HAL_NRF_TX_FIFO_EMPTY?HAL_NRF
            CODE    15AFH     000DH     UNIT         ?PR?_HAL_NRF_SETUP_DYNAMIC_PAYLOAD?HAL_NRF
            CODE    15BCH     000CH     UNIT         ?PR?HAL_CLK_GET_16M_SOURCE?HAL_CLK
            CODE    15C8H     000CH     UNIT         ?PR?_HAL_CLK_SET_FREQ?HAL_CLK
            CODE    15D4H     000CH     UNIT         ?PR?_HAL_CLKLF_SET_SOURCE?HAL_CLK
            CODE    15E0H     000CH     UNIT         ?PR?_HAL_ADC_SET_REFERENCE?HAL_ADC
            CODE    15ECH     000CH     UNIT         ?PR?_HAL_ADC_SET_ACQ_WINDOW?HAL_ADC
            CODE    15F8H     000CH     UNIT         ?PR?HAL_ADC_START?HAL_ADC
            CODE    1604H     000CH     UNIT         ?PR?HAL_NRF_GET_CLEAR_IRQ_FLAGS?HAL_NRF
            CODE    1610H     000CH     UNIT         ?PR?HAL_NRF_RX_FIFO_FULL?HAL_NRF
            CODE    161CH     000BH     UNIT         ?PR?_HAL_RTC_RADIO_CAPTURE_ENABLE?HAL_RTC
            CODE    1627H     000BH     UNIT         ?PR?_HAL_RTC_START?HAL_RTC
            CODE    1632H     000BH     UNIT         ?PR?_HAL_NRF_WRITE_ACK_PAYLOAD?HAL_NRF
            CODE    163DH     000AH     UNIT         ?PR?_HAL_NRF_RW?HAL_NRF_HW
            CODE    1647H     000AH     UNIT         ?PR?HAL_NRF_GET_ADDRESS_WIDTH?HAL_NRF
            CODE    1651H     000AH     UNIT         ?PR?HAL_NRF_RX_FIFO_EMPTY?HAL_NRF
            CODE    165BH     000AH     UNIT         ?PR?HAL_NRF_GET_RX_FIFO_STATUS?HAL_NRF
            CODE    1665H     000AH     UNIT         ?PR?HAL_NRF_GET_TRANSMIT_ATTEMPTS?HAL_NRF
            CODE    166FH     000AH     UNIT         ?PR?HAL_NRF_GET_CARRIER_DETECT?HAL_NRF
            CODE    1679H     000AH     UNIT         ?PR?HAL_NRF_REUSE_TX?HAL_NRF
            CODE    1683H     000AH     UNIT         ?PR?HAL_NRF_FLUSH_RX?HAL_NRF
            CODE    168DH     000AH     UNIT         ?PR?HAL_NRF_FLUSH_TX?HAL_NRF
            CODE    1697H     000AH     UNIT         ?PR?HAL_NRF_NOP?HAL_NRF
            CODE    16A1H     000AH     UNIT         ?PR?HAL_UART_TX_COMPLETE?HAL_UART
BL51 BANKED LINKER/LOCATER V6.22                                                      11/21/2019  20:42:59  PAGE 4


            CODE    16ABH     0009H     UNIT         ?PR?HAL_WDOG_RESTART?HAL_WDOG
            CODE    16B4H     0008H     UNIT         ?PR?_BLEWHITENSTART?MAIN
            CODE    16BCH     0008H     UNIT         ?PR?HAL_NRF_GET_IRQ_FLAGS?HAL_NRF
            CODE    16C4H     0008H     UNIT         ?PR?_HAL_NRF_SET_RX_PAYLOAD_WIDTH?HAL_NRF
            CODE    16CCH     0008H     UNIT         ?PR?_HAL_NRF_WRITE_TX_PAYLOAD?HAL_NRF
            CODE    16D4H     0008H     UNIT         ?PR?_HAL_NRF_WRITE_TX_PAYLOAD_NOACK?HAL_NRF
            CODE    16DCH     0007H     UNIT         ?PR?_HAL_WDOG_INIT?HAL_WDOG
            CODE    16E3H     0006H     UNIT         ?PR?HAL_CLKLF_PHASE?HAL_CLK
            CODE    16E9H     0006H     UNIT         ?PR?HAL_CLKLF_READY?HAL_CLK
            CODE    16EFH     0006H     UNIT         ?PR?HAL_ADC_BUSY?HAL_ADC
            CODE    16F5H     0006H     UNIT         ?PR?HAL_NRF_GET_AUTO_RETR_STATUS?HAL_NRF
            CODE    16FBH     0006H     UNIT         ?PR?HAL_NRF_GET_FIFO_STATUS?HAL_NRF
            CODE    1701H     0006H     UNIT         ?PR?HAL_NRF_READ_RX_PAYLOAD_WIDTH?HAL_NRF
            CODE    1707H     0006H     UNIT         ?PR?_HAL_NRF_READ_RX_PAYLOAD?HAL_NRF
            CODE    170DH     0004H     UNIT         ?PR?HAL_RTC_CAPTURE?HAL_RTC
            CODE    1711H     0003H     UNIT         ?PR?HAL_RTC_GET_CAPTURE_CLOCK_CYCLES?HAL_RTC
            CODE    1714H     0003H     UNIT         ?PR?HAL_ADC_READ_LSB?HAL_ADC
            CODE    1717H     0003H     UNIT         ?PR?HAL_ADC_READ_MSB?HAL_ADC
            CODE    171AH     0003H     UNIT         ?PR?HAL_UART_CHARS_AVAILABLE?HAL_UART



OVERLAY MAP OF MODULE:   .\Object\Tag (MAIN)


SEGMENT                                            DATA_GROUP          XDATA_GROUP
  +--> CALLED SEGMENT                            START    LENGTH     START    LENGTH
------------------------------------------------------------------------------------
?PR?RF_IRQ?MAIN                                  0008H    0001H      -----    -----
  +--> ?PR?HAL_NRF_GET_CLEAR_IRQ_FLAGS?HAL_NRF
  +--> ?PR?HAL_NRF_RX_FIFO_EMPTY?HAL_NRF
  +--> ?PR?HAL_NRF_FLUSH_TX?HAL_NRF

?PR?HAL_NRF_GET_CLEAR_IRQ_FLAGS?HAL_NRF          -----    -----      -----    -----
  +--> ?PR?_HAL_NRF_WRITE_REG?HAL_NRF

?PR?_HAL_NRF_WRITE_REG?HAL_NRF                   0014H    0001H      -----    -----

?PR?HAL_NRF_RX_FIFO_EMPTY?HAL_NRF                -----    -----      -----    -----
  +--> ?PR?_HAL_NRF_READ_REG?HAL_NRF

?PR?HAL_NRF_FLUSH_TX?HAL_NRF                     -----    -----      -----    -----
  +--> ?PR?_HAL_NRF_RW?HAL_NRF_HW

*** NEW ROOT ***************************************************

?C_C51STARTUP                                    -----    -----      -----    -----
  +--> ?PR?MAIN?MAIN
  +--> ?C_INITSEG

?PR?MAIN?MAIN                                    000AH    0002H      004FH    0004H
  +--> ?PR?IOINIT?MAIN
  +--> ?PR?MCU_INIT?MAIN
  +--> ?PR?_HAL_UART_INIT?HAL_UART
  +--> ?PR?HAL_CLK_GET_16M_SOURCE?HAL_CLK
  +--> ?PR?_HAL_UART_PUTCHAR?HAL_UART
  +--> ?PR?ADC_INIT?MAIN
BL51 BANKED LINKER/LOCATER V6.22                                                      11/21/2019  20:42:59  PAGE 5


  +--> ?PR?RFCOFIG?MAIN
  +--> ?PR?_HAL_WDOG_INIT?HAL_WDOG
  +--> ?PR?HAL_WDOG_RESTART?HAL_WDOG
  +--> ?PR?HAL_ADC_START?HAL_ADC
  +--> ?PR?HAL_ADC_BUSY?HAL_ADC
  +--> ?PR?HAL_ADC_READ_MSB?HAL_ADC
  +--> ?PR?HAL_ADC_READ_LSB?HAL_ADC
  +--> ?PR?ASSEMBLE_DATA?MAIN
  +--> ?PR?_SENDADV?MAIN

?PR?MCU_INIT?MAIN                                -----    -----      -----    -----
  +--> ?PR?_HAL_RTC_START?HAL_RTC
  +--> ?PR?_HAL_CLKLF_SET_SOURCE?HAL_CLK
  +--> ?PR?_HAL_RTC_SET_COMPARE_MODE?HAL_RTC
  +--> ?PR?_SET_TIMER_PERIOD?MAIN
  +--> ?PR?_HAL_CLK_SET_16M_SOURCE?HAL_CLK
  +--> ?PR?_HAL_CLK_REGRET_XOSC16M_ON?HAL_CLK

?PR?_SET_TIMER_PERIOD?MAIN                       000CH    0002H      -----    -----
  +--> ?PR?_HAL_RTC_START?HAL_RTC
  +--> ?PR?_HAL_RTC_SET_COMPARE_VALUE?HAL_RTC

?PR?ADC_INIT?MAIN                                -----    -----      -----    -----
  +--> ?PR?_HAL_ADC_SET_INPUT_CHANNEL?HAL_ADC
  +--> ?PR?_HAL_ADC_SET_REFERENCE?HAL_ADC
  +--> ?PR?_HAL_ADC_SET_INPUT_MODE?HAL_ADC
  +--> ?PR?_HAL_ADC_SET_CONVERSION_MODE?HAL_ADC
  +--> ?PR?_HAL_ADC_SET_SAMPLING_RATE?HAL_ADC
  +--> ?PR?_HAL_ADC_SET_RESOLUTION?HAL_ADC
  +--> ?PR?_HAL_ADC_SET_DATA_JUST?HAL_ADC

?PR?RFCOFIG?MAIN                                 000CH    0004H      -----    -----
  +--> ?CO?MAIN
  +--> ?PR?_REVERSEBITS?MAIN
  +--> ?PR?_HAL_NRF_CLOSE_PIPE?HAL_NRF
  +--> ?PR?_HAL_NRF_OPEN_PIPE?HAL_NRF
  +--> ?PR?_HAL_NRF_SET_OPERATION_MODE?HAL_NRF
  +--> ?PR?_HAL_NRF_SET_RF_CHANNEL?HAL_NRF
  +--> ?PR?_HAL_NRF_SET_DATARATE?HAL_NRF
  +--> ?PR?_HAL_NRF_SET_OUTPUT_POWER?HAL_NRF
  +--> ?PR?_HAL_NRF_SET_CRC_MODE?HAL_NRF
  +--> ?PR?_HAL_NRF_SET_ADDRESS_WIDTH?HAL_NRF
  +--> ?PR?_HAL_NRF_ENABLE_DYNAMIC_PAYLOAD?H...
  +--> ?PR?_HAL_NRF_SET_ADDRESS?HAL_NRF
  +--> ?PR?_HAL_NRF_SET_AUTO_RETR?HAL_NRF
  +--> ?PR?_HAL_NRF_SET_POWER_MODE?HAL_NRF

?PR?_HAL_NRF_CLOSE_PIPE?HAL_NRF                  0010H    0003H      -----    -----
  +--> ?PR?_HAL_NRF_READ_REG?HAL_NRF
  +--> ?PR?_HAL_NRF_WRITE_REG?HAL_NRF

?PR?_HAL_NRF_OPEN_PIPE?HAL_NRF                   0010H    0004H      -----    -----
  +--> ?PR?_HAL_NRF_READ_REG?HAL_NRF
  +--> ?PR?_HAL_NRF_WRITE_REG?HAL_NRF

?PR?_HAL_NRF_SET_OPERATION_MODE?HAL_NRF          0010H    0002H      -----    -----
  +--> ?PR?_HAL_NRF_READ_REG?HAL_NRF
BL51 BANKED LINKER/LOCATER V6.22                                                      11/21/2019  20:42:59  PAGE 6


  +--> ?PR?_HAL_NRF_WRITE_REG?HAL_NRF

?PR?_HAL_NRF_SET_RF_CHANNEL?HAL_NRF              0010H    0001H      -----    -----
  +--> ?PR?_HAL_NRF_WRITE_REG?HAL_NRF

?PR?_HAL_NRF_SET_DATARATE?HAL_NRF                0010H    0002H      -----    -----
  +--> ?PR?_HAL_NRF_READ_REG?HAL_NRF
  +--> ?PR?_HAL_NRF_WRITE_REG?HAL_NRF

?PR?_HAL_NRF_SET_OUTPUT_POWER?HAL_NRF            0010H    0002H      -----    -----
  +--> ?PR?_HAL_NRF_READ_REG?HAL_NRF
  +--> ?PR?_HAL_NRF_WRITE_REG?HAL_NRF

?PR?_HAL_NRF_SET_CRC_MODE?HAL_NRF                0010H    0002H      -----    -----
  +--> ?PR?_HAL_NRF_READ_REG?HAL_NRF
  +--> ?PR?_HAL_NRF_WRITE_REG?HAL_NRF

?PR?_HAL_NRF_SET_ADDRESS_WIDTH?HAL_NRF           0010H    0001H      -----    -----
  +--> ?PR?_HAL_NRF_WRITE_REG?HAL_NRF

?PR?_HAL_NRF_ENABLE_DYNAMIC_PAYLOAD?H...         0010H    0002H      -----    -----
  +--> ?PR?_HAL_NRF_READ_REG?HAL_NRF
  +--> ?PR?_HAL_NRF_WRITE_REG?HAL_NRF

?PR?_HAL_NRF_SET_ADDRESS?HAL_NRF                 0010H    0004H      -----    -----
  +--> ?PR?HAL_NRF_GET_ADDRESS_WIDTH?HAL_NRF
  +--> ?PR?_HAL_NRF_WRITE_MULTIBYTE_REG?HAL_NRF
  +--> ?PR?_HAL_NRF_WRITE_REG?HAL_NRF

?PR?HAL_NRF_GET_ADDRESS_WIDTH?HAL_NRF            -----    -----      -----    -----
  +--> ?PR?_HAL_NRF_READ_REG?HAL_NRF

?PR?_HAL_NRF_WRITE_MULTIBYTE_REG?HAL_NRF         0014H    0009H      -----    -----

?PR?_HAL_NRF_SET_AUTO_RETR?HAL_NRF               0010H    0001H      -----    -----
  +--> ?PR?_HAL_NRF_WRITE_REG?HAL_NRF

?PR?_HAL_NRF_SET_POWER_MODE?HAL_NRF              0010H    0002H      -----    -----
  +--> ?PR?_HAL_NRF_READ_REG?HAL_NRF
  +--> ?PR?_HAL_NRF_WRITE_REG?HAL_NRF

?PR?ASSEMBLE_DATA?MAIN                           000CH    0001H      -----    -----
  +--> ?PR?_FILL_CRC?MAIN
  +--> ?PR?_SETPHONE?MAIN
  +--> ?PR?_SETMAC?MAIN
  +--> ?PR?_SETDATA?MAIN
  +--> ?PR?_BLEPACKETENCODE?MAIN

?PR?_FILL_CRC?MAIN                               000DH    0006H      -----    -----
  +--> ?PR?_CAL_CRC?MAIN

?PR?_CAL_CRC?MAIN                                0013H    0002H      -----    -----

?PR?_SETMAC?MAIN                                 000DH    0006H      -----    -----

?PR?_SETDATA?MAIN                                000DH    0004H      -----    -----

BL51 BANKED LINKER/LOCATER V6.22                                                      11/21/2019  20:42:59  PAGE 7


?PR?_BLEPACKETENCODE?MAIN                        000DH    0006H      -----    -----
  +--> ?PR?_BLECRC?MAIN
  +--> ?PR?_REVERSEBITS?MAIN
  +--> ?PR?_BLEWHITENSTART?MAIN
  +--> ?PR?_BLEWHITEN?MAIN

?PR?_BLECRC?MAIN                                 0013H    0007H      -----    -----

?PR?_BLEWHITENSTART?MAIN                         -----    -----      -----    -----
  +--> ?PR?_REVERSEBITS?MAIN

?PR?_BLEWHITEN?MAIN                              0013H    0005H      -----    -----

?PR?_SENDADV?MAIN                                000CH    0001H      -----    -----
  +--> ?PR?_HAL_NRF_SET_RF_CHANNEL?HAL_NRF
  +--> ?PR?_HAL_NRF_WRITE_TX_PAYLOAD_NOACK?H...
  +--> ?CO?MAIN
  +--> ?PR?_UART0_SENDSTR?MAIN

?PR?_HAL_NRF_WRITE_TX_PAYLOAD_NOACK?H...         -----    -----      -----    -----
  +--> ?PR?_HAL_NRF_WRITE_MULTIBYTE_REG?HAL_NRF

?PR?_UART0_SENDSTR?MAIN                          000DH    0005H      -----    -----
  +--> ?PR?_STRLEN?STRLEN
  +--> ?PR?_HAL_UART_PUTCHAR?HAL_UART



SYMBOL TABLE OF MODULE:  .\Object\Tag (MAIN)

  VALUE           TYPE          NAME
  ----------------------------------

  -------         MODULE        MAIN
  C:0000H         SYMBOL        _ICE_DUMMY_
  D:0080H         PUBLIC        P0
  D:0090H         PUBLIC        P1
  D:00A0H         PUBLIC        P2
  D:00B0H         PUBLIC        P3
  D:0029H         PUBLIC        _dataFieldStartPoint
  X:0000H         PUBLIC        chRf
  B:00A8H.7       PUBLIC        EA
  C:0CC3H         PUBLIC        rf_irq
  C:1080H         PUBLIC        _sendADV
  D:00A8H         PUBLIC        IEN0
  C:0912H         PUBLIC        Assemble_Data
  C:0608H         PUBLIC        _BLEcrc
  D:00B8H         PUBLIC        IEN1
  C:100AH         PUBLIC        _reverseBits
  C:117FH         PUBLIC        _UART0_SendStr
  B:00B8H.1       PUBLIC        RF
  X:0003H         PUBLIC        TxPayload
  C:03E2H         PUBLIC        _setMAC
  B:00E8H.0       PUBLIC        RFCE
  D:002AH         PUBLIC        CellVoltageH
  C:0B5EH         PUBLIC        RfCofig
  C:0ADDH         PUBLIC        _PrintInt16
BL51 BANKED LINKER/LOCATER V6.22                                                      11/21/2019  20:42:59  PAGE 8


  D:00ADH         PUBLIC        CLKLFCTRL
  D:002BH         PUBLIC        CellVoltageL
  C:06E0H         PUBLIC        main
  C:0F8CH         PUBLIC        _bleWhiten
  D:002CH         PUBLIC        CurrCH
  D:0088H         PUBLIC        TCON
  X:0009H         PUBLIC        radio_busy
  C:1045H         PUBLIC        _set_timer_period
  C:16B4H         PUBLIC        _bleWhitenStart
  B:00E8H.2       PUBLIC        RFCKEN
  X:000AH         PUBLIC        _packet_coded
  C:0026H         PUBLIC        adc_init
  C:001FH         SYMBOL        _?ix1000
  C:10EEH         PUBLIC        _fill_crc
  D:002DH         PUBLIC        PipeAndLen
  C:0509H         PUBLIC        _setData
  C:1390H         PUBLIC        _setPhone
  C:0DD5H         PUBLIC        _cal_crc
  C:1456H         PUBLIC        IoInit
  C:1121H         PUBLIC        mcu_init
  D:0093H         PUBLIC        P0DIR
  D:0094H         PUBLIC        P1DIR
  D:009FH         PUBLIC        P1CON
  C:09B7H         PUBLIC        _blePacketEncode
  D:00A4H         PUBLIC        PWRDWN
  D:0098H         PUBLIC        S0CON
  D:002FH         PUBLIC        _length
  D:00D8H         PUBLIC        ADCON
  D:00C8H         PUBLIC        T2CON
  D:00F8H         PUBLIC        FSR
  D:00E8H         PUBLIC        RFCON
  D:00D0H         PUBLIC        PSW
  D:00C0H         PUBLIC        IRCON
  X:004CH         PUBLIC        chLe
  -------         PROC          _CAL_CRC
  D:0001H         SYMBOL        ptr
  D:0013H         SYMBOL        len
  -------         DO            
  D:0014H         SYMBOL        i
  D:0004H         SYMBOL        crc
  -------         ENDDO         
  C:0DD5H         LINE#         75
  C:0DD7H         LINE#         76
  C:0DD7H         LINE#         78
  C:0DDAH         LINE#         79
  C:0DE1H         LINE#         80
  C:0DE1H         LINE#         81
  C:0DE8H         LINE#         82
  C:0DE8H         LINE#         83
  C:0DECH         LINE#         84
  C:0DECH         LINE#         85
  C:0DF3H         LINE#         86
  C:0DF9H         LINE#         87
  C:0DFBH         LINE#         88
  C:0E02H         LINE#         89
  C:0E02H         LINE#         90
  C:0E09H         LINE#         91
BL51 BANKED LINKER/LOCATER V6.22                                                      11/21/2019  20:42:59  PAGE 9


  C:0E09H         LINE#         92
  C:0E0FH         LINE#         93
  C:0E0FH         LINE#         94
  C:0E17H         LINE#         95
  C:0E1EH         LINE#         96
  C:0E20H         LINE#         100
  C:0E24H         LINE#         101
  -------         ENDPROC       _CAL_CRC
  -------         PROC          _FILL_CRC
  D:000DH         SYMBOL        ptr
  D:0005H         SYMBOL        stru_len
  -------         DO            
  D:0010H         SYMBOL        pSum
  -------         ENDDO         
  C:10EEH         LINE#         103
  C:10F4H         LINE#         104
  C:10F4H         LINE#         105
  C:1109H         LINE#         106
  C:1120H         LINE#         107
  -------         ENDPROC       _FILL_CRC
  -------         PROC          _REVERSEBITS
  D:0007H         SYMBOL        input
  -------         DO            
  D:0006H         SYMBOL        temp
  -------         ENDDO         
  C:100AH         LINE#         109
  C:100AH         LINE#         110
  C:100AH         LINE#         112
  C:100CH         LINE#         113
  C:1011H         LINE#         114
  C:1018H         LINE#         115
  C:101FH         LINE#         116
  C:1026H         LINE#         117
  C:102DH         LINE#         118
  C:1034H         LINE#         119
  C:103BH         LINE#         120
  C:1042H         LINE#         121
  C:1044H         LINE#         122
  -------         ENDPROC       _REVERSEBITS
  -------         PROC          _BLEWHITENSTART
  D:0007H         SYMBOL        chan
  C:16B4H         LINE#         123
  C:16B4H         LINE#         125
  C:16BBH         LINE#         126
  -------         ENDPROC       _BLEWHITENSTART
  -------         PROC          _SETPHONE
  D:0007H         SYMBOL        phone_type
  -------         DO            
  D:0006H         SYMBOL        i
  -------         ENDDO         
  C:1390H         LINE#         128
  C:1390H         LINE#         129
  C:1390H         LINE#         132
  C:1398H         LINE#         133
  C:1398H         LINE#         134
  C:13A8H         LINE#         135
  C:13ABH         LINE#         136
BL51 BANKED LINKER/LOCATER V6.22                                                      11/21/2019  20:42:59  PAGE 10


  -------         ENDPROC       _SETPHONE
  -------         PROC          _SETMAC
  D:0007H         SYMBOL        m0
  D:0005H         SYMBOL        m1
  D:0003H         SYMBOL        m2
  D:0010H         SYMBOL        m3
  D:0011H         SYMBOL        m4
  D:0012H         SYMBOL        m5
  -------         DO            
  D:0006H         SYMBOL        i
  -------         ENDDO         
  C:03E2H         LINE#         137
  C:03E2H         LINE#         138
  C:03E2H         LINE#         140
  C:03EDH         LINE#         141
  C:03EDH         LINE#         143
  C:03F0H         LINE#         144
  C:040EH         LINE#         145
  C:042CH         LINE#         146
  C:044AH         LINE#         147
  C:0469H         LINE#         148
  C:0488H         LINE#         149
  C:04A7H         LINE#         152
  C:04C6H         LINE#         153
  C:04E5H         LINE#         154
  C:0504H         LINE#         155
  C:0508H         LINE#         156
  -------         ENDPROC       _SETMAC
  -------         PROC          _SETDATA
  D:000DH         SYMBOL        Data
  D:0010H         SYMBOL        dataLen
  -------         DO            
  D:0006H         SYMBOL        i
  D:0007H         SYMBOL        j
  D:0001H         SYMBOL        current
  -------         ENDDO         
  C:0509H         LINE#         158
  C:0511H         LINE#         159
  C:0511H         LINE#         162
  C:051DH         LINE#         165
  C:0528H         LINE#         166
  C:0528H         LINE#         167
  C:052BH         LINE#         168
  C:0531H         LINE#         170
  C:0553H         LINE#         171
  C:0572H         LINE#         172
  C:057AH         LINE#         173
  C:059CH         LINE#         174
  C:05A3H         LINE#         175
  C:05A6H         LINE#         178
  C:05C5H         LINE#         179
  C:05E4H         LINE#         180
  C:0603H         LINE#         181
  C:0607H         LINE#         182
  -------         ENDPROC       _SETDATA
  -------         PROC          _BLECRC
  D:0013H         SYMBOL        Data
BL51 BANKED LINKER/LOCATER V6.22                                                      11/21/2019  20:42:59  PAGE 11


  D:0016H         SYMBOL        dataLen
  D:0017H         SYMBOL        outputCRC
  -------         DO            
  D:0006H         SYMBOL        i
  D:0005H         SYMBOL        temp
  D:0007H         SYMBOL        tempData
  -------         ENDDO         
  C:0608H         LINE#         184
  C:0610H         LINE#         188
  C:061AH         LINE#         189
  C:062CH         LINE#         190
  C:0634H         LINE#         191
  C:0645H         LINE#         193
  C:064EH         LINE#         194
  C:0665H         LINE#         195
  C:0679H         LINE#         196
  C:0697H         LINE#         197
  C:06ABH         LINE#         199
  C:06B1H         LINE#         200
  C:06C4H         LINE#         201
  C:06D7H         LINE#         202
  C:06D7H         LINE#         203
  C:06DFH         LINE#         204
  C:06DFH         LINE#         205
  -------         ENDPROC       _BLECRC
  -------         PROC          _BLEWHITEN
  D:0013H         SYMBOL        Data
  D:0005H         SYMBOL        len
  D:0017H         SYMBOL        whitenCoeff
  -------         DO            
  D:0007H         SYMBOL        m
  -------         ENDDO         
  C:0F8CH         LINE#         207
  C:0F92H         LINE#         210
  C:0F98H         LINE#         211
  C:0F9DH         LINE#         212
  C:0FA2H         LINE#         213
  C:0FA5H         LINE#         214
  C:0FB2H         LINE#         215
  C:0FB2H         LINE#         216
  C:0FB8H         LINE#         217
  C:0FBEH         LINE#         218
  C:0FC9H         LINE#         219
  C:0FCBH         LINE#         220
  -------         ENDPROC       _BLEWHITEN
  -------         PROC          _BLEPACKETENCODE
  D:000DH         SYMBOL        packet
  D:0010H         SYMBOL        len
  D:0011H         SYMBOL        chan
  -------         DO            
  D:0004H         SYMBOL        i
  D:0012H         SYMBOL        dataLen
  -------         ENDDO         
  C:09B7H         LINE#         222
  C:09BFH         LINE#         225
  C:09C5H         LINE#         226
  C:09E2H         LINE#         227
BL51 BANKED LINKER/LOCATER V6.22                                                      11/21/2019  20:42:59  PAGE 12


  C:09EAH         LINE#         228
  C:0A12H         LINE#         229
  C:0A24H         LINE#         230
  C:0A2CH         LINE#         231
  C:0A50H         LINE#         232
  -------         ENDPROC       _BLEPACKETENCODE
  -------         PROC          _SENDADV
  D:000CH         SYMBOL        channel
  C:1080H         LINE#         236
  C:1082H         LINE#         237
  C:1082H         LINE#         239
  C:1091H         LINE#         249
  C:1098H         LINE#         250
  C:1098H         LINE#         251
  C:10ADH         LINE#         252
  C:10AEH         LINE#         254
  C:10AEH         LINE#         255
  C:10B7H         LINE#         256
  C:10B7H         LINE#         257
  -------         ENDPROC       _SENDADV
  -------         PROC          _UART0_SENDSTR
  D:000DH         SYMBOL        str
  -------         DO            
  D:0010H         SYMBOL        i
  D:0011H         SYMBOL        size
  -------         ENDDO         
  C:117FH         LINE#         260
  C:1185H         LINE#         261
  C:1185H         LINE#         263
  C:118AH         LINE#         264
  C:1194H         LINE#         265
  C:1194H         LINE#         266
  C:11A7H         LINE#         267
  C:11ABH         LINE#         268
  -------         ENDPROC       _UART0_SENDSTR
  -------         PROC          IOINIT
  C:1456H         LINE#         270
  C:1456H         LINE#         271
  C:1456H         LINE#         275
  C:1459H         LINE#         276
  C:145CH         LINE#         277
  C:145FH         LINE#         278
  C:1462H         LINE#         279
  C:1465H         LINE#         280
  C:1468H         LINE#         281
  C:146BH         LINE#         283
  -------         ENDPROC       IOINIT
  -------         PROC          ADC_INIT
  C:0026H         LINE#         286
  C:0026H         LINE#         287
  C:0026H         LINE#         288
  C:002BH         LINE#         289
  C:0030H         LINE#         290
  C:0035H         LINE#         291
  C:003AH         LINE#         292
  C:003FH         LINE#         293
  C:0044H         LINE#         294
BL51 BANKED LINKER/LOCATER V6.22                                                      11/21/2019  20:42:59  PAGE 13


  C:0049H         LINE#         295
  -------         ENDPROC       ADC_INIT
  -------         PROC          _SET_TIMER_PERIOD
  D:000CH         SYMBOL        period
  C:1045H         LINE#         297
  C:1049H         LINE#         298
  C:1049H         LINE#         299
  C:1068H         LINE#         300
  C:106DH         LINE#         301
  C:1072H         LINE#         302
  C:107FH         LINE#         303
  -------         ENDPROC       _SET_TIMER_PERIOD
  -------         PROC          RFCOFIG
  -------         DO            
  D:000CH         SYMBOL        TX_ADDRESS
  -------         ENDDO         
  C:0B5EH         LINE#         306
  C:0B5EH         LINE#         307
  C:0B5EH         LINE#         308
  C:0B71H         LINE#         309
  C:0B78H         LINE#         310
  C:0B7FH         LINE#         311
  C:0B86H         LINE#         312
  C:0B8DH         LINE#         314
  C:0B8FH         LINE#         318
  C:0B94H         LINE#         319
  C:0B9AH         LINE#         320
  C:0B9FH         LINE#         321
  C:0BA7H         LINE#         322
  C:0BACH         LINE#         323
  C:0BB1H         LINE#         324
  C:0BB6H         LINE#         325
  C:0BBBH         LINE#         326
  C:0BC0H         LINE#         327
  C:0BCBH         LINE#         328
  C:0BD2H         LINE#         329
  C:0BD7H         LINE#         331
  C:0BD9H         LINE#         332
  C:0BDBH         LINE#         333
  -------         ENDPROC       RFCOFIG
  -------         PROC          MCU_INIT
  C:1121H         LINE#         335
  C:1121H         LINE#         336
  C:1121H         LINE#         337
  C:1126H         LINE#         338
  C:112BH         LINE#         340
  C:1130H         LINE#         341
  C:1137H         LINE#         342
  C:113CH         LINE#         343
  C:1141H         LINE#         345
  C:1146H         LINE#         347
  C:114BH         LINE#         348
  C:1150H         LINE#         349
  -------         ENDPROC       MCU_INIT
  -------         PROC          ASSEMBLE_DATA
  -------         DO            
  D:000CH         SYMBOL        i
BL51 BANKED LINKER/LOCATER V6.22                                                      11/21/2019  20:42:59  PAGE 14


  -------         ENDDO         
  C:0912H         LINE#         351
  C:0912H         LINE#         352
  C:0912H         LINE#         355
  C:0915H         LINE#         356
  C:091AH         LINE#         357
  C:091AH         LINE#         358
  C:0920H         LINE#         359
  C:0922H         LINE#         360
  C:0927H         LINE#         361
  C:0927H         LINE#         362
  C:092DH         LINE#         363
  C:092FH         LINE#         365
  C:092FH         LINE#         366
  C:0934H         LINE#         367
  C:0934H         LINE#         369
  C:093AH         LINE#         370
  C:093EH         LINE#         371
  C:0942H         LINE#         373
  C:094DH         LINE#         375
  C:0952H         LINE#         376
  C:0964H         LINE#         378
  C:096FH         LINE#         380
  C:0979H         LINE#         381
  C:0979H         LINE#         382
  C:098FH         LINE#         383
  C:09B2H         LINE#         384
  C:09B6H         LINE#         390
  -------         ENDPROC       ASSEMBLE_DATA
  -------         PROC          MAIN
  -------         DO            
  X:004FH         SYMBOL        loopCount
  D:000AH         SYMBOL        i
  -------         DO            
  D:000BH         SYMBOL        count
  -------         ENDDO         
  -------         ENDDO         
  C:06E0H         LINE#         392
  C:06E0H         LINE#         393
  C:06E0H         LINE#         394
  C:06EAH         LINE#         397
  C:06EDH         LINE#         398
  C:06F0H         LINE#         400
  C:06F5H         LINE#         401
  C:06FCH         LINE#         402
  C:06FCH         LINE#         403
  C:06FCH         LINE#         405
  C:0701H         LINE#         407
  C:0704H         LINE#         408
  C:0707H         LINE#         411
  C:070EH         LINE#         414
  C:070EH         LINE#         415
  C:070EH         LINE#         416
  C:0733H         LINE#         422
  C:0736H         LINE#         425
  C:0751H         LINE#         426
  C:0751H         LINE#         427
BL51 BANKED LINKER/LOCATER V6.22                                                      11/21/2019  20:42:59  PAGE 15


  C:0754H         LINE#         428
  C:075AH         LINE#         430
  C:075FH         LINE#         431
  C:0764H         LINE#         432
  C:076EH         LINE#         433
  C:0771H         LINE#         434
  C:0771H         LINE#         443
  C:0774H         LINE#         444
  C:0777H         LINE#         460
  C:0780H         LINE#         461
  C:0780H         LINE#         462
  C:0785H         LINE#         464
  C:0793H         LINE#         465
  C:0799H         LINE#         466
  C:079FH         LINE#         468
  -------         ENDPROC       MAIN
  -------         PROC          RF_IRQ
  -------         DO            
  D:0008H         SYMBOL        irq_flags
  -------         ENDDO         
  C:0CC3H         LINE#         473
  C:0CE0H         LINE#         477
  C:0CE5H         LINE#         479
  C:0CEAH         LINE#         480
  C:0CEAH         LINE#         482
  C:0CF0H         LINE#         483
  C:0CF0H         LINE#         485
  C:0CF0H         LINE#         486
  C:0CF5H         LINE#         487
  C:0CF5H         LINE#         489
  C:0CFAH         LINE#         490
  C:0CFAH         LINE#         491
  C:0CFFH         LINE#         492
  C:0CFFH         LINE#         494
  C:0D04H         LINE#         495
  C:0D04H         LINE#         496
  C:0D09H         LINE#         497
  C:0D0CH         LINE#         498
  C:0D0CH         LINE#         499
  -------         ENDPROC       RF_IRQ
  -------         PROC          _PRINTINT16
  D:0044H         SYMBOL        Counter
  -------         DO            
  D:0046H         SYMBOL        onechar
  -------         ENDDO         
  C:0ADDH         LINE#         501
  C:0AE1H         LINE#         502
  C:0AE1H         LINE#         505
  C:0AF4H         LINE#         506
  C:0AF8H         LINE#         508
  C:0B0FH         LINE#         509
  C:0B13H         LINE#         511
  C:0B2AH         LINE#         512
  C:0B2EH         LINE#         514
  C:0B45H         LINE#         515
  C:0B49H         LINE#         517
  C:0B59H         LINE#         518
BL51 BANKED LINKER/LOCATER V6.22                                                      11/21/2019  20:42:59  PAGE 16


  C:0B5DH         LINE#         519
  -------         ENDPROC       _PRINTINT16
  -------         ENDMOD        MAIN

  -------         MODULE        HAL_DELAY
  C:0000H         SYMBOL        _ICE_DUMMY_
  C:1203H         PUBLIC        _delay_ms
  C:154BH         PUBLIC        _delay_us
  -------         PROC          _DELAY_US
  D:0006H         SYMBOL        us
  C:154BH         LINE#         37
  C:154BH         LINE#         38
  C:154BH         LINE#         40
  C:154BH         LINE#         41
  C:154CH         LINE#         42
  C:154DH         LINE#         43
  C:154EH         LINE#         44
  C:154FH         LINE#         45
  C:1550H         LINE#         46
  C:1559H         LINE#         47
  -------         ENDPROC       _DELAY_US
  -------         PROC          _DELAY_MS
  D:0004H         SYMBOL        ms
  C:1203H         LINE#         49
  C:1207H         LINE#         50
  C:1207H         LINE#         52
  C:1207H         LINE#         53
  C:120EH         LINE#         54
  C:1215H         LINE#         55
  C:121CH         LINE#         56
  C:1223H         LINE#         57
  C:122CH         LINE#         58
  -------         ENDPROC       _DELAY_MS
  -------         ENDMOD        HAL_DELAY

  -------         MODULE        HAL_CLK
  C:0000H         SYMBOL        _ICE_DUMMY_
  D:0080H         PUBLIC        P0
  D:0090H         PUBLIC        P1
  D:00A0H         PUBLIC        P2
  D:00B0H         PUBLIC        P3
  D:00A8H         PUBLIC        IEN0
  D:00B8H         PUBLIC        IEN1
  C:15C8H         PUBLIC        _hal_clk_set_freq
  D:00A3H         PUBLIC        CLKCTRL
  C:1494H         PUBLIC        _hal_clk_set_input
  C:16E3H         PUBLIC        hal_clklf_phase
  C:16E9H         PUBLIC        hal_clklf_ready
  C:15BCH         PUBLIC        hal_clk_get_16m_source
  D:00ADH         PUBLIC        CLKLFCTRL
  C:14EBH         PUBLIC        _hal_clk_set_16m_source
  D:0088H         PUBLIC        TCON
  C:15D4H         PUBLIC        _hal_clklf_set_source
  D:0098H         PUBLIC        S0CON
  D:00D8H         PUBLIC        ADCON
  D:00C8H         PUBLIC        T2CON
  D:00F8H         PUBLIC        FSR
BL51 BANKED LINKER/LOCATER V6.22                                                      11/21/2019  20:42:59  PAGE 17


  C:14DBH         PUBLIC        _hal_clk_regret_xosc16m_on
  D:00E8H         PUBLIC        RFCON
  D:00D0H         PUBLIC        PSW
  D:00C0H         PUBLIC        IRCON
  -------         PROC          _HAL_CLK_REGRET_XOSC16M_ON
  D:0007H         SYMBOL        on
  C:14DBH         LINE#         22
  C:14DBH         LINE#         23
  C:14DBH         LINE#         24
  C:14DEH         LINE#         25
  C:14DEH         LINE#         26
  C:14E6H         LINE#         27
  C:14E7H         LINE#         29
  C:14E7H         LINE#         30
  C:14EAH         LINE#         31
  C:14EAH         LINE#         32
  -------         ENDPROC       _HAL_CLK_REGRET_XOSC16M_ON
  -------         PROC          _HAL_CLK_SET_INPUT
  D:0007H         SYMBOL        input
  C:1494H         LINE#         34
  C:1494H         LINE#         35
  C:1494H         LINE#         36
  C:14A5H         LINE#         37
  -------         ENDPROC       _HAL_CLK_SET_INPUT
  -------         PROC          _HAL_CLK_SET_16M_SOURCE
  D:0007H         SYMBOL        source
  C:14EBH         LINE#         39
  C:14EBH         LINE#         40
  C:14EBH         LINE#         41
  C:14FAH         LINE#         42
  -------         ENDPROC       _HAL_CLK_SET_16M_SOURCE
  -------         PROC          HAL_CLK_GET_16M_SOURCE
  -------         DO            
  D:0007H         SYMBOL        clock_source
  -------         ENDDO         
  C:15BCH         LINE#         44
  C:15BCH         LINE#         45
  C:15BCH         LINE#         47
  C:15C1H         LINE#         48
  C:15C1H         LINE#         49
  C:15C3H         LINE#         50
  C:15C5H         LINE#         52
  C:15C5H         LINE#         53
  C:15C7H         LINE#         54
  C:15C7H         LINE#         56
  C:15C7H         LINE#         57
  -------         ENDPROC       HAL_CLK_GET_16M_SOURCE
  -------         PROC          _HAL_CLK_SET_FREQ
  D:0007H         SYMBOL        freq
  C:15C8H         LINE#         59
  C:15C8H         LINE#         60
  C:15C8H         LINE#         61
  C:15D3H         LINE#         62
  -------         ENDPROC       _HAL_CLK_SET_FREQ
  -------         PROC          HAL_CLKLF_PHASE
  C:16E3H         LINE#         64
  C:16E3H         LINE#         65
BL51 BANKED LINKER/LOCATER V6.22                                                      11/21/2019  20:42:59  PAGE 18


  C:16E3H         LINE#         66
  C:16E8H         LINE#         67
  -------         ENDPROC       HAL_CLKLF_PHASE
  -------         PROC          HAL_CLKLF_READY
  C:16E9H         LINE#         69
  C:16E9H         LINE#         70
  C:16E9H         LINE#         71
  C:16EEH         LINE#         72
  -------         ENDPROC       HAL_CLKLF_READY
  -------         PROC          _HAL_CLKLF_SET_SOURCE
  D:0007H         SYMBOL        source
  C:15D4H         LINE#         74
  C:15D4H         LINE#         75
  C:15D4H         LINE#         76
  C:15DFH         LINE#         77
  -------         ENDPROC       _HAL_CLKLF_SET_SOURCE
  -------         ENDMOD        HAL_CLK

  -------         MODULE        HAL_RTC
  C:0000H         SYMBOL        _ICE_DUMMY_
  D:0080H         PUBLIC        P0
  D:0090H         PUBLIC        P1
  D:00A0H         PUBLIC        P2
  D:00B0H         PUBLIC        P3
  D:00A8H         PUBLIC        IEN0
  D:00B8H         PUBLIC        IEN1
  D:00B4H         PUBLIC        RTC2CMP0
  D:00B5H         PUBLIC        RTC2CMP1
  C:1711H         PUBLIC        hal_rtc_get_capture_clock_cycles
  D:0088H         PUBLIC        TCON
  C:170DH         PUBLIC        hal_rtc_capture
  C:1335H         PUBLIC        hal_rtc_get_compare_value
  C:14A6H         PUBLIC        _hal_rtc_set_compare_value
  C:1354H         PUBLIC        hal_rtc_get_capture_value
  C:1578H         PUBLIC        _hal_rtc_set_compare_mode
  D:0098H         PUBLIC        S0CON
  D:00B6H         PUBLIC        RTC2CPT00
  D:00D8H         PUBLIC        ADCON
  D:00ACH         PUBLIC        RTC2CPT10
  D:00ABH         PUBLIC        RTC2CPT01
  D:00C8H         PUBLIC        T2CON
  D:00F8H         PUBLIC        FSR
  C:1627H         PUBLIC        _hal_rtc_start
  C:161CH         PUBLIC        _hal_rtc_radio_capture_enable
  D:00E8H         PUBLIC        RFCON
  D:00D0H         PUBLIC        PSW
  D:00C0H         PUBLIC        IRCON
  D:00B3H         PUBLIC        RTC2CON
  -------         PROC          HAL_RTC_CAPTURE
  C:170DH         LINE#         22
  C:170DH         LINE#         23
  C:170DH         LINE#         24
  C:1710H         LINE#         25
  -------         ENDPROC       HAL_RTC_CAPTURE
  -------         PROC          _HAL_RTC_RADIO_CAPTURE_ENABLE
  D:0007H         SYMBOL        en
  C:161CH         LINE#         27
BL51 BANKED LINKER/LOCATER V6.22                                                      11/21/2019  20:42:59  PAGE 19


  C:161CH         LINE#         28
  C:161CH         LINE#         29
  C:161FH         LINE#         30
  C:161FH         LINE#         31
  C:1622H         LINE#         32
  C:1623H         LINE#         34
  C:1623H         LINE#         35
  C:1626H         LINE#         36
  C:1626H         LINE#         37
  -------         ENDPROC       _HAL_RTC_RADIO_CAPTURE_ENABLE
  -------         PROC          _HAL_RTC_SET_COMPARE_MODE
  D:0007H         SYMBOL        mode
  C:1578H         LINE#         39
  C:1578H         LINE#         40
  C:1578H         LINE#         41
  C:1585H         LINE#         42
  -------         ENDPROC       _HAL_RTC_SET_COMPARE_MODE
  -------         PROC          _HAL_RTC_START
  D:0007H         SYMBOL        en
  C:1627H         LINE#         44
  C:1627H         LINE#         45
  C:1627H         LINE#         46
  C:162AH         LINE#         47
  C:162AH         LINE#         48
  C:162DH         LINE#         49
  C:162EH         LINE#         51
  C:162EH         LINE#         52
  C:1631H         LINE#         53
  C:1631H         LINE#         54
  -------         ENDPROC       _HAL_RTC_START
  -------         PROC          _HAL_RTC_SET_COMPARE_VALUE
  D:0006H         SYMBOL        value
  -------         DO            
  D:0005H         SYMBOL        compare_status
  -------         ENDDO         
  C:14A6H         LINE#         56
  C:14A6H         LINE#         57
  C:14A6H         LINE#         59
  C:14ABH         LINE#         60
  C:14AEH         LINE#         61
  C:14B1H         LINE#         62
  C:14B4H         LINE#         63
  C:14B7H         LINE#         64
  -------         ENDPROC       _HAL_RTC_SET_COMPARE_VALUE
  -------         PROC          HAL_RTC_GET_COMPARE_VALUE
  -------         DO            
  D:0005H         SYMBOL        compare_status
  D:0002H         SYMBOL        value
  -------         ENDDO         
  C:1335H         LINE#         66
  C:1335H         LINE#         67
  C:1335H         LINE#         70
  C:133AH         LINE#         71
  C:133DH         LINE#         72
  C:1343H         LINE#         73
  C:1347H         LINE#         74
  C:134CH         LINE#         75
BL51 BANKED LINKER/LOCATER V6.22                                                      11/21/2019  20:42:59  PAGE 20


  C:134FH         LINE#         76
  C:1353H         LINE#         77
  -------         ENDPROC       HAL_RTC_GET_COMPARE_VALUE
  -------         PROC          HAL_RTC_GET_CAPTURE_VALUE
  -------         DO            
  D:0005H         SYMBOL        capture_status
  D:0002H         SYMBOL        value
  -------         ENDDO         
  C:1354H         LINE#         79
  C:1354H         LINE#         80
  C:1354H         LINE#         83
  C:1359H         LINE#         84
  C:135CH         LINE#         85
  C:1362H         LINE#         86
  C:1366H         LINE#         87
  C:136BH         LINE#         88
  C:136EH         LINE#         89
  C:1372H         LINE#         90
  -------         ENDPROC       HAL_RTC_GET_CAPTURE_VALUE
  -------         PROC          HAL_RTC_GET_CAPTURE_CLOCK_CYCLES
  C:1711H         LINE#         92
  C:1711H         LINE#         93
  C:1711H         LINE#         94
  C:1713H         LINE#         95
  -------         ENDPROC       HAL_RTC_GET_CAPTURE_CLOCK_CYCLES
  -------         ENDMOD        HAL_RTC

  -------         MODULE        HAL_ADC
  C:0000H         SYMBOL        _ICE_DUMMY_
  D:0080H         PUBLIC        P0
  D:0090H         PUBLIC        P1
  C:1714H         PUBLIC        hal_adc_read_LSB
  D:00A0H         PUBLIC        P2
  C:1717H         PUBLIC        hal_adc_read_MSB
  C:15ECH         PUBLIC        _hal_adc_set_acq_window
  D:00B0H         PUBLIC        P3
  C:15E0H         PUBLIC        _hal_adc_set_reference
  C:155AH         PUBLIC        _hal_adc_set_input_mode
  D:00A8H         PUBLIC        IEN0
  C:152BH         PUBLIC        _hal_adc_set_power_down_delay
  D:00B8H         PUBLIC        IEN1
  C:153BH         PUBLIC        _hal_adc_set_data_just
  C:150BH         PUBLIC        _hal_adc_set_conversion_mode
  C:1569H         PUBLIC        _hal_adc_set_resolution
  D:0088H         PUBLIC        TCON
  C:151BH         PUBLIC        _hal_adc_set_sampling_rate
  C:14FBH         PUBLIC        _hal_adc_set_input_channel
  C:14CAH         PUBLIC        hal_adc_get_overflow_status
  C:15F8H         PUBLIC        hal_adc_start
  D:00D3H         PUBLIC        ADCCON1
  D:00D2H         PUBLIC        ADCCON2
  D:00D1H         PUBLIC        ADCCON3
  D:0098H         PUBLIC        S0CON
  C:16EFH         PUBLIC        hal_adc_busy
  D:00D8H         PUBLIC        ADCON
  D:00C8H         PUBLIC        T2CON
  D:00F8H         PUBLIC        FSR
BL51 BANKED LINKER/LOCATER V6.22                                                      11/21/2019  20:42:59  PAGE 21


  D:00D4H         PUBLIC        ADCDATH
  D:00D5H         PUBLIC        ADCDATL
  D:00E8H         PUBLIC        RFCON
  D:00D0H         PUBLIC        PSW
  D:00C0H         PUBLIC        IRCON
  -------         PROC          _HAL_ADC_SET_INPUT_CHANNEL
  D:0007H         SYMBOL        chsel
  C:14FBH         LINE#         26
  C:14FBH         LINE#         27
  C:14FBH         LINE#         28
  C:150AH         LINE#         29
  -------         ENDPROC       _HAL_ADC_SET_INPUT_CHANNEL
  -------         PROC          _HAL_ADC_SET_REFERENCE
  D:0007H         SYMBOL        refsel
  C:15E0H         LINE#         32
  C:15E0H         LINE#         33
  C:15E0H         LINE#         34
  C:15EBH         LINE#         35
  -------         ENDPROC       _HAL_ADC_SET_REFERENCE
  -------         PROC          _HAL_ADC_SET_INPUT_MODE
  D:0007H         SYMBOL        input_mode
  C:155AH         LINE#         38
  C:155AH         LINE#         39
  C:155AH         LINE#         40
  C:1568H         LINE#         41
  -------         ENDPROC       _HAL_ADC_SET_INPUT_MODE
  -------         PROC          _HAL_ADC_SET_CONVERSION_MODE
  D:0007H         SYMBOL        conv_mode
  C:150BH         LINE#         44
  C:150BH         LINE#         45
  C:150BH         LINE#         46
  C:151AH         LINE#         47
  -------         ENDPROC       _HAL_ADC_SET_CONVERSION_MODE
  -------         PROC          _HAL_ADC_SET_SAMPLING_RATE
  D:0007H         SYMBOL        rate
  C:151BH         LINE#         50
  C:151BH         LINE#         51
  C:151BH         LINE#         52
  C:152AH         LINE#         53
  -------         ENDPROC       _HAL_ADC_SET_SAMPLING_RATE
  -------         PROC          _HAL_ADC_SET_POWER_DOWN_DELAY
  D:0007H         SYMBOL        pdd
  C:152BH         LINE#         56
  C:152BH         LINE#         57
  C:152BH         LINE#         58
  C:153AH         LINE#         59
  -------         ENDPROC       _HAL_ADC_SET_POWER_DOWN_DELAY
  -------         PROC          _HAL_ADC_SET_ACQ_WINDOW
  D:0007H         SYMBOL        tacq
  C:15ECH         LINE#         62
  C:15ECH         LINE#         63
  C:15ECH         LINE#         64
  C:15F7H         LINE#         65
  -------         ENDPROC       _HAL_ADC_SET_ACQ_WINDOW
  -------         PROC          _HAL_ADC_SET_RESOLUTION
  D:0007H         SYMBOL        res
  C:1569H         LINE#         68
BL51 BANKED LINKER/LOCATER V6.22                                                      11/21/2019  20:42:59  PAGE 22


  C:1569H         LINE#         69
  C:1569H         LINE#         70
  C:1577H         LINE#         71
  -------         ENDPROC       _HAL_ADC_SET_RESOLUTION
  -------         PROC          _HAL_ADC_SET_DATA_JUST
  D:0007H         SYMBOL        just
  C:153BH         LINE#         74
  C:153BH         LINE#         75
  C:153BH         LINE#         76
  C:154AH         LINE#         77
  -------         ENDPROC       _HAL_ADC_SET_DATA_JUST
  -------         PROC          HAL_ADC_START
  -------         DO            
  D:0007H         SYMBOL        cnt
  -------         ENDDO         
  C:15F8H         LINE#         80
  C:15F8H         LINE#         81
  C:15F8H         LINE#         82
  C:15FAH         LINE#         83
  C:15FDH         LINE#         85
  C:1603H         LINE#         86
  -------         ENDPROC       HAL_ADC_START
  -------         PROC          HAL_ADC_READ_LSB
  C:1714H         LINE#         89
  C:1714H         LINE#         90
  C:1714H         LINE#         91
  C:1716H         LINE#         92
  -------         ENDPROC       HAL_ADC_READ_LSB
  -------         PROC          HAL_ADC_READ_MSB
  C:1717H         LINE#         94
  C:1717H         LINE#         95
  C:1717H         LINE#         96
  C:1719H         LINE#         97
  -------         ENDPROC       HAL_ADC_READ_MSB
  -------         PROC          HAL_ADC_BUSY
  C:16EFH         LINE#         99
  C:16EFH         LINE#         100
  C:16EFH         LINE#         101
  C:16F4H         LINE#         102
  -------         ENDPROC       HAL_ADC_BUSY
  -------         PROC          HAL_ADC_GET_OVERFLOW_STATUS
  C:14CAH         LINE#         104
  C:14CAH         LINE#         105
  C:14CAH         LINE#         106
  C:14DAH         LINE#         107
  -------         ENDPROC       HAL_ADC_GET_OVERFLOW_STATUS
  -------         ENDMOD        HAL_ADC

  -------         MODULE        HAL_NRF_HW
  C:0000H         SYMBOL        _ICE_DUMMY_
  D:0080H         PUBLIC        P0
  D:0090H         PUBLIC        P1
  D:00A0H         PUBLIC        P2
  D:00B0H         PUBLIC        P3
  D:00A8H         PUBLIC        IEN0
  D:00B8H         PUBLIC        IEN1
  D:00E7H         PUBLIC        SPIRDAT
BL51 BANKED LINKER/LOCATER V6.22                                                      11/21/2019  20:42:59  PAGE 23


  C:163DH         PUBLIC        _hal_nrf_rw
  D:0088H         PUBLIC        TCON
  D:0098H         PUBLIC        S0CON
  D:00D8H         PUBLIC        ADCON
  D:00C8H         PUBLIC        T2CON
  D:00F8H         PUBLIC        FSR
  D:00E8H         PUBLIC        RFCON
  D:00D0H         PUBLIC        PSW
  D:00C0H         PUBLIC        IRCON
  D:00E6H         PUBLIC        SPIRSTAT
  -------         PROC          _HAL_NRF_RW
  D:0007H         SYMBOL        value
  C:163DH         LINE#         25
  C:163DH         LINE#         26
  C:163DH         LINE#         27
  C:163FH         LINE#         28
  C:1644H         LINE#         29
  C:1644H         LINE#         30
  C:1644H         LINE#         31
  C:1646H         LINE#         32
  -------         ENDPROC       _HAL_NRF_RW
  -------         ENDMOD        HAL_NRF_HW

  -------         MODULE        HAL_WDOG
  C:0000H         SYMBOL        _ICE_DUMMY_
  D:0080H         PUBLIC        P0
  D:0090H         PUBLIC        P1
  D:00A0H         PUBLIC        P2
  D:00B0H         PUBLIC        P3
  D:00A8H         PUBLIC        IEN0
  D:00B8H         PUBLIC        IEN1
  C:16ABH         PUBLIC        hal_wdog_restart
  D:0088H         PUBLIC        TCON
  D:00AFH         PUBLIC        WDSV
  C:16DCH         PUBLIC        _hal_wdog_init
  D:0098H         PUBLIC        S0CON
  D:00D8H         PUBLIC        ADCON
  D:00C8H         PUBLIC        T2CON
  D:00F8H         PUBLIC        FSR
  D:00E8H         PUBLIC        RFCON
  D:00D0H         PUBLIC        PSW
  D:00C0H         PUBLIC        IRCON
  -------         PROC          _HAL_WDOG_INIT
  D:0006H         SYMBOL        start_value
  C:16DCH         LINE#         25
  C:16DCH         LINE#         26
  C:16DCH         LINE#         28
  C:16DFH         LINE#         29
  C:16E2H         LINE#         36
  -------         ENDPROC       _HAL_WDOG_INIT
  -------         PROC          HAL_WDOG_RESTART
  -------         DO            
  D:0006H         SYMBOL        wd_msb
  D:0007H         SYMBOL        wd_lsb
  -------         ENDDO         
  C:16ABH         LINE#         38
  C:16ABH         LINE#         39
BL51 BANKED LINKER/LOCATER V6.22                                                      11/21/2019  20:42:59  PAGE 24


  C:16ABH         LINE#         43
  C:16ADH         LINE#         44
  C:16AFH         LINE#         45
  C:16B1H         LINE#         46
  C:16B3H         LINE#         55
  -------         ENDPROC       HAL_WDOG_RESTART
  -------         ENDMOD        HAL_WDOG

  -------         MODULE        HAL_NRF
  C:0000H         SYMBOL        _ICE_DUMMY_
  D:0080H         PUBLIC        P0
  D:0090H         PUBLIC        P1
  D:00A0H         PUBLIC        P2
  D:00B0H         PUBLIC        P3
  C:1428H         PUBLIC        _hal_nrf_set_rf_channel
  C:0C51H         PUBLIC        _hal_nrf_open_pipe
  C:1257H         PUBLIC        _hal_nrf_enable_dynamic_ack
  C:16CCH         PUBLIC        _hal_nrf_write_tx_payload
  C:1604H         PUBLIC        hal_nrf_get_clear_irq_flags
  C:122DH         PUBLIC        _hal_nrf_enable_ack_payload
  D:00A8H         PUBLIC        IEN0
  C:1373H         PUBLIC        _hal_nrf_write_reg
  C:1697H         PUBLIC        hal_nrf_nop
  C:15AFH         PUBLIC        _hal_nrf_setup_dynamic_payload
  D:00B8H         PUBLIC        IEN1
  C:16FBH         PUBLIC        hal_nrf_get_fifo_status
  C:13C6H         PUBLIC        hal_nrf_clear_irq_flags_get_status
  D:00E7H         PUBLIC        SPIRDAT
  C:07A4H         PUBLIC        _hal_nrf_get_pipe_status
  C:0E25H         PUBLIC        _hal_nrf_get_rx_payload_width
  C:16BCH         PUBLIC        hal_nrf_get_irq_flags
  C:12A4H         PUBLIC        _hal_nrf_set_power_mode
  C:166FH         PUBLIC        hal_nrf_get_carrier_detect
  C:16C4H         PUBLIC        _hal_nrf_set_rx_payload_width
  C:1411H         PUBLIC        hal_nrf_get_packet_lost_ctr
  C:0F05H         PUBLIC        _hal_nrf_set_crc_mode
  C:1683H         PUBLIC        hal_nrf_flush_rx
  C:168DH         PUBLIC        hal_nrf_flush_tx
  C:1665H         PUBLIC        hal_nrf_get_transmit_attempts
  C:1679H         PUBLIC        hal_nrf_reuse_tx
  C:1314H         PUBLIC        _hal_nrf_set_output_power
  D:0088H         PUBLIC        TCON
  C:0EBEH         PUBLIC        _hal_nrf_set_datarate
  C:11D8H         PUBLIC        _hal_nrf_set_pll_mode
  C:1594H         PUBLIC        hal_nrf_get_rx_data_source
  C:0BDCH         PUBLIC        _hal_nrf_set_irq_mode
  C:0296H         PUBLIC        _hal_nrf_read_multibyte_reg
  C:1651H         PUBLIC        hal_nrf_rx_fifo_empty
  C:11ACH         PUBLIC        _hal_nrf_enable_dynamic_payload
  C:15A2H         PUBLIC        hal_nrf_tx_fifo_empty
  C:16F5H         PUBLIC        hal_nrf_get_auto_retr_status
  C:1610H         PUBLIC        hal_nrf_rx_fifo_full
  C:1586H         PUBLIC        hal_nrf_tx_fifo_full
  C:12CAH         PUBLIC        _hal_nrf_set_auto_retr
  C:10B8H         PUBLIC        _hal_nrf_get_address
  C:127EH         PUBLIC        _hal_nrf_set_operation_mode
  C:1632H         PUBLIC        _hal_nrf_write_ack_payload
BL51 BANKED LINKER/LOCATER V6.22                                                      11/21/2019  20:42:59  PAGE 25


  C:1647H         PUBLIC        hal_nrf_get_address_width
  C:085DH         PUBLIC        _hal_nrf_write_multibyte_reg
  C:0FCCH         PUBLIC        _hal_nrf_set_address
  C:004AH         PUBLIC        hal_nrf_activate_features
  C:165BH         PUBLIC        hal_nrf_get_rx_fifo_status
  C:13DFH         PUBLIC        _hal_nrf_set_address_width
  C:143FH         PUBLIC        hal_nrf_get_tx_fifo_status
  C:1481H         PUBLIC        hal_nrf_get_reuse_tx_status
  D:0098H         PUBLIC        S0CON
  D:00D8H         PUBLIC        ADCON
  D:00C8H         PUBLIC        T2CON
  C:0D83H         PUBLIC        _hal_nrf_close_pipe
  D:00F8H         PUBLIC        FSR
  C:1151H         PUBLIC        _hal_nrf_enable_continious_wave
  C:14B8H         PUBLIC        _hal_nrf_clear_irq_flag
  C:1707H         PUBLIC        _hal_nrf_read_rx_payload
  D:00E8H         PUBLIC        RFCON
  C:16D4H         PUBLIC        _hal_nrf_write_tx_payload_noack
  D:00D0H         PUBLIC        PSW
  C:1701H         PUBLIC        hal_nrf_read_rx_payload_width
  D:00C0H         PUBLIC        IRCON
  C:13ACH         PUBLIC        _hal_nrf_read_reg
  B:00E8H.1       PUBLIC        RFCSN
  D:00E6H         PUBLIC        SPIRSTAT
  -------         PROC          _HAL_NRF_SET_OPERATION_MODE
  D:0010H         SYMBOL        op_mode
  -------         DO            
  D:0011H         SYMBOL        config
  -------         ENDDO         
  C:127EH         LINE#         189
  C:1280H         LINE#         190
  C:1280H         LINE#         192
  C:1287H         LINE#         194
  C:128CH         LINE#         195
  C:128CH         LINE#         196
  C:1293H         LINE#         197
  C:1295H         LINE#         199
  C:1295H         LINE#         200
  C:129CH         LINE#         201
  C:129CH         LINE#         203
  C:12A3H         LINE#         204
  -------         ENDPROC       _HAL_NRF_SET_OPERATION_MODE
  -------         PROC          _HAL_NRF_SET_POWER_MODE
  D:0010H         SYMBOL        pwr_mode
  -------         DO            
  D:0011H         SYMBOL        config
  -------         ENDDO         
  C:12A4H         LINE#         206
  C:12A6H         LINE#         207
  C:12A6H         LINE#         209
  C:12ADH         LINE#         211
  C:12B2H         LINE#         212
  C:12B2H         LINE#         213
  C:12B9H         LINE#         214
  C:12BBH         LINE#         216
  C:12BBH         LINE#         217
  C:12C2H         LINE#         218
BL51 BANKED LINKER/LOCATER V6.22                                                      11/21/2019  20:42:59  PAGE 26


  C:12C2H         LINE#         220
  C:12C9H         LINE#         221
  -------         ENDPROC       _HAL_NRF_SET_POWER_MODE
  -------         PROC          _HAL_NRF_SET_CRC_MODE
  D:0010H         SYMBOL        crc_mode
  -------         DO            
  D:0011H         SYMBOL        config
  -------         ENDDO         
  C:0F05H         LINE#         223
  C:0F07H         LINE#         224
  C:0F07H         LINE#         226
  C:0F0EH         LINE#         228
  C:0F1AH         LINE#         229
  C:0F1AH         LINE#         230
  C:0F1AH         LINE#         231
  C:0F21H         LINE#         232
  C:0F23H         LINE#         233
  C:0F23H         LINE#         234
  C:0F2AH         LINE#         235
  C:0F31H         LINE#         236
  C:0F33H         LINE#         237
  C:0F33H         LINE#         238
  C:0F3AH         LINE#         239
  C:0F41H         LINE#         240
  C:0F41H         LINE#         241
  C:0F41H         LINE#         242
  C:0F41H         LINE#         243
  C:0F41H         LINE#         245
  C:0F48H         LINE#         246
  -------         ENDPROC       _HAL_NRF_SET_CRC_MODE
  -------         PROC          _HAL_NRF_SET_IRQ_MODE
  D:0047H         SYMBOL        int_source
  D:0048H         SYMBOL        irq_state
  -------         DO            
  D:0049H         SYMBOL        config
  -------         ENDDO         
  C:0BDCH         LINE#         248
  C:0BE0H         LINE#         249
  C:0BE0H         LINE#         251
  C:0BE7H         LINE#         253
  C:0BF4H         LINE#         254
  C:0BF4H         LINE#         255
  C:0BF4H         LINE#         256
  C:0C0EH         LINE#         257
  C:0C10H         LINE#         258
  C:0C10H         LINE#         259
  C:0C2BH         LINE#         260
  C:0C2DH         LINE#         261
  C:0C2DH         LINE#         262
  C:0C49H         LINE#         263
  C:0C49H         LINE#         264
  C:0C49H         LINE#         266
  C:0C50H         LINE#         267
  -------         ENDPROC       _HAL_NRF_SET_IRQ_MODE
  -------         PROC          HAL_NRF_GET_CLEAR_IRQ_FLAGS
  -------         DO            
  D:0007H         SYMBOL        retval
BL51 BANKED LINKER/LOCATER V6.22                                                      11/21/2019  20:42:59  PAGE 27


  -------         ENDDO         
  C:1604H         LINE#         269
  C:1604H         LINE#         270
  C:1604H         LINE#         273
  C:160BH         LINE#         275
  C:160FH         LINE#         276
  -------         ENDPROC       HAL_NRF_GET_CLEAR_IRQ_FLAGS
  -------         PROC          HAL_NRF_CLEAR_IRQ_FLAGS_GET_STATUS
  -------         DO            
  D:0052H         SYMBOL        retval
  -------         ENDDO         
  C:13C6H         LINE#         278
  C:13C6H         LINE#         279
  C:13C6H         LINE#         283
  C:13D2H         LINE#         284
  C:13DCH         LINE#         286
  C:13DEH         LINE#         287
  -------         ENDPROC       HAL_NRF_CLEAR_IRQ_FLAGS_GET_STATUS
  -------         PROC          _HAL_NRF_CLEAR_IRQ_FLAG
  D:0007H         SYMBOL        int_source
  C:14B8H         LINE#         290
  C:14B8H         LINE#         291
  C:14B8H         LINE#         292
  C:14C9H         LINE#         293
  -------         ENDPROC       _HAL_NRF_CLEAR_IRQ_FLAG
  -------         PROC          HAL_NRF_GET_IRQ_FLAGS
  C:16BCH         LINE#         295
  C:16BCH         LINE#         296
  C:16BCH         LINE#         297
  C:16C3H         LINE#         298
  -------         ENDPROC       HAL_NRF_GET_IRQ_FLAGS
  -------         PROC          _HAL_NRF_OPEN_PIPE
  D:0010H         SYMBOL        pipe_num
  D:0011H         SYMBOL        auto_ack
  -------         DO            
  D:0012H         SYMBOL        en_rxaddr
  D:0013H         SYMBOL        en_aa
  -------         ENDDO         
  C:0C51H         LINE#         300
  C:0C55H         LINE#         301
  C:0C55H         LINE#         304
  C:0C5CH         LINE#         305
  C:0C63H         LINE#         307
  C:0C6FH         LINE#         308
  C:0C6FH         LINE#         309
  C:0C6FH         LINE#         310
  C:0C6FH         LINE#         311
  C:0C6FH         LINE#         312
  C:0C6FH         LINE#         313
  C:0C6FH         LINE#         314
  C:0C6FH         LINE#         315
  C:0C7EH         LINE#         317
  C:0C82H         LINE#         318
  C:0C82H         LINE#         319
  C:0C91H         LINE#         320
  C:0C93H         LINE#         322
  C:0C93H         LINE#         323
BL51 BANKED LINKER/LOCATER V6.22                                                      11/21/2019  20:42:59  PAGE 28


  C:0CA3H         LINE#         324
  C:0CA3H         LINE#         325
  C:0CA5H         LINE#         327
  C:0CA5H         LINE#         328
  C:0CA8H         LINE#         330
  C:0CACH         LINE#         331
  C:0CACH         LINE#         332
  C:0CAFH         LINE#         333
  C:0CB1H         LINE#         335
  C:0CB1H         LINE#         336
  C:0CB4H         LINE#         337
  C:0CB4H         LINE#         338
  C:0CB4H         LINE#         340
  C:0CB4H         LINE#         341
  C:0CB4H         LINE#         342
  C:0CB4H         LINE#         343
  C:0CB4H         LINE#         345
  C:0CBBH         LINE#         346
  C:0CC2H         LINE#         347
  -------         ENDPROC       _HAL_NRF_OPEN_PIPE
  -------         PROC          _HAL_NRF_CLOSE_PIPE
  D:0010H         SYMBOL        pipe_num
  -------         DO            
  D:0011H         SYMBOL        en_rxaddr
  D:0012H         SYMBOL        en_aa
  -------         ENDDO         
  C:0D83H         LINE#         349
  C:0D85H         LINE#         350
  C:0D85H         LINE#         353
  C:0D8CH         LINE#         354
  C:0D93H         LINE#         356
  C:0D9FH         LINE#         357
  C:0D9FH         LINE#         358
  C:0D9FH         LINE#         359
  C:0D9FH         LINE#         360
  C:0D9FH         LINE#         361
  C:0D9FH         LINE#         362
  C:0D9FH         LINE#         363
  C:0D9FH         LINE#         364
  C:0DAFH         LINE#         365
  C:0DBFH         LINE#         366
  C:0DC1H         LINE#         368
  C:0DC1H         LINE#         369
  C:0DC4H         LINE#         370
  C:0DC6H         LINE#         371
  C:0DC6H         LINE#         373
  C:0DC6H         LINE#         374
  C:0DC6H         LINE#         375
  C:0DC6H         LINE#         376
  C:0DC6H         LINE#         378
  C:0DCDH         LINE#         379
  C:0DD4H         LINE#         380
  -------         ENDPROC       _HAL_NRF_CLOSE_PIPE
  -------         PROC          _HAL_NRF_SET_ADDRESS
  D:0010H         SYMBOL        address
  D:0011H         SYMBOL        addr
  C:0FCCH         LINE#         382
BL51 BANKED LINKER/LOCATER V6.22                                                      11/21/2019  20:42:59  PAGE 29


  C:0FD4H         LINE#         383
  C:0FD4H         LINE#         384
  C:0FE3H         LINE#         385
  C:0FE3H         LINE#         386
  C:0FE3H         LINE#         387
  C:0FE3H         LINE#         388
  C:0FE3H         LINE#         389
  C:0FF6H         LINE#         390
  C:0FF7H         LINE#         391
  C:0FF7H         LINE#         392
  C:0FF7H         LINE#         393
  C:0FF7H         LINE#         394
  C:0FF7H         LINE#         395
  C:1009H         LINE#         396
  C:1009H         LINE#         398
  C:1009H         LINE#         399
  C:1009H         LINE#         400
  C:1009H         LINE#         401
  C:1009H         LINE#         402
  -------         ENDPROC       _HAL_NRF_SET_ADDRESS
  -------         PROC          _HAL_NRF_GET_ADDRESS
  D:0040H         SYMBOL        address
  D:0041H         SYMBOL        addr
  C:10B8H         LINE#         404
  C:10C0H         LINE#         405
  C:10C0H         LINE#         406
  C:10CDH         LINE#         407
  C:10CDH         LINE#         408
  C:10CDH         LINE#         409
  C:10CDH         LINE#         410
  C:10CDH         LINE#         411
  C:10D9H         LINE#         412
  C:10D9H         LINE#         413
  C:10EBH         LINE#         414
  C:10EDH         LINE#         415
  C:10EDH         LINE#         416
  -------         ENDPROC       _HAL_NRF_GET_ADDRESS
  -------         PROC          _HAL_NRF_SET_AUTO_RETR
  D:0003H         SYMBOL        retr
  D:0004H         SYMBOL        delay
  -------         DO            
  D:0010H         SYMBOL        setup_retr
  -------         ENDDO         
  C:12CAH         LINE#         418
  C:12CCH         LINE#         419
  C:12CCH         LINE#         421
  C:12DCH         LINE#         422
  C:12E8H         LINE#         424
  C:12EFH         LINE#         425
  -------         ENDPROC       _HAL_NRF_SET_AUTO_RETR
  -------         PROC          _HAL_NRF_SET_ADDRESS_WIDTH
  D:0007H         SYMBOL        address_width
  -------         DO            
  D:0010H         SYMBOL        setup_aw
  -------         ENDDO         
  C:13DFH         LINE#         427
  C:13DFH         LINE#         428
BL51 BANKED LINKER/LOCATER V6.22                                                      11/21/2019  20:42:59  PAGE 30


  C:13DFH         LINE#         430
  C:13E2H         LINE#         431
  C:13F0H         LINE#         433
  C:13F7H         LINE#         434
  -------         ENDPROC       _HAL_NRF_SET_ADDRESS_WIDTH
  -------         PROC          HAL_NRF_GET_ADDRESS_WIDTH
  C:1647H         LINE#         436
  C:1647H         LINE#         437
  C:1647H         LINE#         438
  C:1650H         LINE#         439
  -------         ENDPROC       HAL_NRF_GET_ADDRESS_WIDTH
  -------         PROC          _HAL_NRF_SET_RX_PAYLOAD_WIDTH
  D:0007H         SYMBOL        pipe_num
  D:0005H         SYMBOL        pload_width
  C:16C4H         LINE#         441
  C:16C4H         LINE#         442
  C:16C4H         LINE#         443
  C:16CBH         LINE#         444
  -------         ENDPROC       _HAL_NRF_SET_RX_PAYLOAD_WIDTH
  -------         PROC          _HAL_NRF_GET_PIPE_STATUS
  D:0036H         SYMBOL        pipe_num
  -------         DO            
  D:0037H         SYMBOL        en_rxaddr
  D:0038H         SYMBOL        en_aa
  D:0039H         SYMBOL        en_rx_r
  D:003AH         SYMBOL        en_aa_r
  -------         ENDDO         
  C:07A4H         LINE#         446
  C:07A6H         LINE#         447
  C:07A6H         LINE#         452
  C:07ADH         LINE#         453
  C:07B4H         LINE#         455
  C:07CCH         LINE#         456
  C:07CCH         LINE#         457
  C:07CCH         LINE#         458
  C:07D3H         LINE#         459
  C:07DAH         LINE#         460
  C:07DCH         LINE#         461
  C:07DCH         LINE#         462
  C:07E5H         LINE#         463
  C:07EEH         LINE#         464
  C:07F0H         LINE#         465
  C:07F0H         LINE#         466
  C:07FBH         LINE#         467
  C:0806H         LINE#         468
  C:0808H         LINE#         469
  C:0808H         LINE#         470
  C:0814H         LINE#         471
  C:0820H         LINE#         472
  C:0822H         LINE#         473
  C:0822H         LINE#         474
  C:082CH         LINE#         475
  C:0836H         LINE#         476
  C:0838H         LINE#         477
  C:0838H         LINE#         478
  C:0843H         LINE#         479
  C:084EH         LINE#         480
BL51 BANKED LINKER/LOCATER V6.22                                                      11/21/2019  20:42:59  PAGE 31


  C:0850H         LINE#         481
  C:0850H         LINE#         482
  C:0853H         LINE#         483
  C:0855H         LINE#         484
  C:0855H         LINE#         485
  C:0855H         LINE#         487
  C:085CH         LINE#         488
  -------         ENDPROC       _HAL_NRF_GET_PIPE_STATUS
  -------         PROC          HAL_NRF_GET_AUTO_RETR_STATUS
  C:16F5H         LINE#         490
  C:16F5H         LINE#         491
  C:16F5H         LINE#         492
  C:16FAH         LINE#         493
  -------         ENDPROC       HAL_NRF_GET_AUTO_RETR_STATUS
  -------         PROC          HAL_NRF_GET_PACKET_LOST_CTR
  C:1411H         LINE#         495
  C:1411H         LINE#         496
  C:1411H         LINE#         497
  C:1427H         LINE#         498
  -------         ENDPROC       HAL_NRF_GET_PACKET_LOST_CTR
  -------         PROC          _HAL_NRF_GET_RX_PAYLOAD_WIDTH
  D:0007H         SYMBOL        pipe_num
  -------         DO            
  D:0053H         SYMBOL        pw
  -------         ENDDO         
  C:0E25H         LINE#         500
  C:0E25H         LINE#         501
  C:0E25H         LINE#         504
  C:0E39H         LINE#         505
  C:0E39H         LINE#         506
  C:0E39H         LINE#         507
  C:0E40H         LINE#         508
  C:0E42H         LINE#         509
  C:0E42H         LINE#         510
  C:0E49H         LINE#         511
  C:0E4BH         LINE#         512
  C:0E4BH         LINE#         513
  C:0E52H         LINE#         514
  C:0E54H         LINE#         515
  C:0E54H         LINE#         516
  C:0E5BH         LINE#         517
  C:0E5DH         LINE#         518
  C:0E5DH         LINE#         519
  C:0E64H         LINE#         520
  C:0E66H         LINE#         521
  C:0E66H         LINE#         522
  C:0E6DH         LINE#         523
  C:0E6FH         LINE#         524
  C:0E6FH         LINE#         525
  C:0E72H         LINE#         526
  C:0E72H         LINE#         527
  C:0E72H         LINE#         529
  C:0E74H         LINE#         530
  -------         ENDPROC       _HAL_NRF_GET_RX_PAYLOAD_WIDTH
  -------         PROC          _HAL_NRF_SET_RF_CHANNEL
  D:0007H         SYMBOL        channel
  -------         DO            
BL51 BANKED LINKER/LOCATER V6.22                                                      11/21/2019  20:42:59  PAGE 32


  D:0010H         SYMBOL        rf_ch
  -------         ENDDO         
  C:1428H         LINE#         532
  C:1428H         LINE#         533
  C:1428H         LINE#         535
  C:142BH         LINE#         536
  C:1437H         LINE#         537
  C:143EH         LINE#         538
  -------         ENDPROC       _HAL_NRF_SET_RF_CHANNEL
  -------         PROC          _HAL_NRF_SET_OUTPUT_POWER
  D:0010H         SYMBOL        power
  -------         DO            
  D:0011H         SYMBOL        rf_setup
  -------         ENDDO         
  C:1314H         LINE#         540
  C:1316H         LINE#         541
  C:1316H         LINE#         543
  C:131DH         LINE#         545
  C:132DH         LINE#         547
[...]
  -------         ENDPROC       _HAL_NRF_ENABLE_ACK_PAYLOAD
  -------         PROC          _HAL_NRF_ENABLE_DYNAMIC_ACK
  D:004CH         SYMBOL        enable
  -------         DO            
  D:004DH         SYMBOL        feature
  -------         ENDDO         
  C:1257H         LINE#         649
  C:1259H         LINE#         650
  C:1259H         LINE#         652
  C:1260H         LINE#         653
  C:1276H         LINE#         655
  C:127DH         LINE#         656
  -------         ENDPROC       _HAL_NRF_ENABLE_DYNAMIC_ACK
  -------         PROC          _HAL_NRF_WRITE_TX_PAYLOAD
  D:0001H         SYMBOL        tx_pload
  D:0005H         SYMBOL        length
  C:16CCH         LINE#         658
  C:16CCH         LINE#         659
  C:16CCH         LINE#         660
  C:16D3H         LINE#         661
  -------         ENDPROC       _HAL_NRF_WRITE_TX_PAYLOAD
  -------         PROC          _HAL_NRF_WRITE_TX_PAYLOAD_NOACK
  D:0001H         SYMBOL        tx_pload
  D:0005H         SYMBOL        length
  C:16D4H         LINE#         663
  C:16D4H         LINE#         664
  C:16D4H         LINE#         665
  C:16DBH         LINE#         666
  -------         ENDPROC       _HAL_NRF_WRITE_TX_PAYLOAD_NOACK
  -------         PROC          _HAL_NRF_WRITE_ACK_PAYLOAD
  D:0007H         SYMBOL        pipe
BL51 BANKED LINKER/LOCATER V6.22                                                      11/21/2019  20:42:59  PAGE 35


  D:0001H         SYMBOL        tx_pload
  D:003FH         SYMBOL        length
  C:1632H         LINE#         668
  C:1632H         LINE#         669
  C:1632H         LINE#         670
  C:163CH         LINE#         671
  -------         ENDPROC       _HAL_NRF_WRITE_ACK_PAYLOAD
  -------         PROC          HAL_NRF_READ_RX_PAYLOAD_WIDTH
  C:1701H         LINE#         673
  C:1701H         LINE#         674
  C:1701H         LINE#         675
  C:1706H         LINE#         676
  -------         ENDPROC       HAL_NRF_READ_RX_PAYLOAD_WIDTH
  -------         PROC          _HAL_NRF_READ_RX_PAYLOAD
  D:0001H         SYMBOL        rx_pload
  C:1707H         LINE#         678
  C:1707H         LINE#         679
  C:1707H         LINE#         680
  C:170CH         LINE#         681
  -------         ENDPROC       _HAL_NRF_READ_RX_PAYLOAD
  -------         PROC          HAL_NRF_GET_RX_DATA_SOURCE
  C:1594H         LINE#         683
  C:1594H         LINE#         684
  C:1594H         LINE#         685
  C:15A1H         LINE#         686
  -------         ENDPROC       HAL_NRF_GET_RX_DATA_SOURCE
  -------         PROC          HAL_NRF_REUSE_TX
  C:1679H         LINE#         688
  C:1679H         LINE#         689
  C:1679H         LINE#         690
  C:167BH         LINE#         691
  C:1680H         LINE#         692
  C:1682H         LINE#         693
  -------         ENDPROC       HAL_NRF_REUSE_TX
  -------         PROC          HAL_NRF_GET_REUSE_TX_STATUS
  C:1481H         LINE#         695
  C:1481H         LINE#         696
  C:1481H         LINE#         697
  C:1493H         LINE#         698
  -------         ENDPROC       HAL_NRF_GET_REUSE_TX_STATUS
  -------         PROC          HAL_NRF_FLUSH_RX
  C:1683H         LINE#         700
  C:1683H         LINE#         701
  C:1683H         LINE#         702
  C:1685H         LINE#         703
  C:168AH         LINE#         704
  C:168CH         LINE#         705
  -------         ENDPROC       HAL_NRF_FLUSH_RX
  -------         PROC          HAL_NRF_FLUSH_TX
  C:168DH         LINE#         707
  C:168DH         LINE#         708
  C:168DH         LINE#         709
  C:168FH         LINE#         710
  C:1694H         LINE#         711
  C:1696H         LINE#         712
  -------         ENDPROC       HAL_NRF_FLUSH_TX
  -------         PROC          HAL_NRF_NOP
BL51 BANKED LINKER/LOCATER V6.22                                                      11/21/2019  20:42:59  PAGE 36


  -------         DO            
  D:0007H         SYMBOL        retval
  -------         ENDDO         
  C:1697H         LINE#         714
  C:1697H         LINE#         715
  C:1697H         LINE#         718
  C:1699H         LINE#         719
  C:169EH         LINE#         720
  C:16A0H         LINE#         722
  C:16A0H         LINE#         723
  -------         ENDPROC       HAL_NRF_NOP
  -------         PROC          _HAL_NRF_SET_PLL_MODE
  D:004EH         SYMBOL        pll_lock
  -------         DO            
  D:004FH         SYMBOL        rf_setup
  -------         ENDDO         
  C:11D8H         LINE#         725
  C:11DAH         LINE#         726
  C:11DAH         LINE#         728
  C:11E1H         LINE#         729
  C:11FBH         LINE#         731
  C:1202H         LINE#         732
  -------         ENDPROC       _HAL_NRF_SET_PLL_MODE
  -------         PROC          _HAL_NRF_ENABLE_CONTINIOUS_WAVE
  D:0050H         SYMBOL        enable
  -------         DO            
  D:0051H         SYMBOL        rf_setup
  -------         ENDDO         
  C:1151H         LINE#         734
  C:1153H         LINE#         735
  C:1153H         LINE#         737
  C:115AH         LINE#         738
  C:1177H         LINE#         740
  C:117EH         LINE#         741
  -------         ENDPROC       _HAL_NRF_ENABLE_CONTINIOUS_WAVE
  -------         PROC          _HAL_NRF_READ_REG
  D:0007H         SYMBOL        reg
  -------         DO            
  D:0007H         SYMBOL        temp
  -------         ENDDO         
  C:13ACH         LINE#         743
  C:13ACH         LINE#         744
  C:13ACH         LINE#         747
  C:13AEH         LINE#         749
  C:13B0H         LINE#         750
  C:13B6H         LINE#         751
  C:13B8H         LINE#         753
  C:13BBH         LINE#         754
  C:13C1H         LINE#         755
  C:13C3H         LINE#         757
  C:13C5H         LINE#         759
  C:13C5H         LINE#         760
  -------         ENDPROC       _HAL_NRF_READ_REG
  -------         PROC          _HAL_NRF_WRITE_REG
  D:0007H         SYMBOL        reg
  D:0005H         SYMBOL        value
  -------         DO            
BL51 BANKED LINKER/LOCATER V6.22                                                      11/21/2019  20:42:59  PAGE 37


  D:0007H         SYMBOL        retval
  D:0014H         SYMBOL        dummy
  -------         ENDDO         
  C:1373H         LINE#         762
  C:1373H         LINE#         763
  C:1373H         LINE#         770
  C:1375H         LINE#         772
  C:137AH         LINE#         773
  C:1380H         LINE#         774
  C:1382H         LINE#         776
  C:1384H         LINE#         777
  C:138AH         LINE#         778
  C:138DH         LINE#         780
  C:138FH         LINE#         782
  C:138FH         LINE#         783
  -------         ENDPROC       _HAL_NRF_WRITE_REG
  -------         PROC          _HAL_NRF_READ_MULTIBYTE_REG
  D:001DH         SYMBOL        reg
  D:001EH         SYMBOL        pbuf
  -------         DO            
  D:0021H         SYMBOL        ctr
  D:0022H         SYMBOL        length
  D:0023H         SYMBOL        memtype
  D:0024H         SYMBOL        read_byte
  D:0025H         SYMBOL        first_round
  -------         DO            
  D:0026H         SYMBOL        buf
  D:0026H         SYMBOL        buf
  D:0026H         SYMBOL        buf
  D:0026H         SYMBOL        buf
  -------         ENDDO         
  -------         DO            
  D:0026H         SYMBOL        buf
  D:0026H         SYMBOL        buf
  D:0026H         SYMBOL        buf
  -------         ENDDO         
  -------         DO            
  D:0026H         SYMBOL        buf
  D:0026H         SYMBOL        buf
  -------         ENDDO         
  -------         DO            
  D:0026H         SYMBOL        buf
  -------         ENDDO         
  -------         ENDDO         
  C:0296H         LINE#         804
  C:029EH         LINE#         805
  C:029EH         LINE#         810
  C:02A1H         LINE#         812
  C:02A4H         LINE#         814
  C:02B5H         LINE#         815
  C:02B5H         LINE#         816
  C:02B5H         LINE#         817
  C:02B5H         LINE#         818
  C:02B5H         LINE#         819
  C:02BCH         LINE#         820
  C:02BEH         LINE#         821
  C:02C6H         LINE#         822
BL51 BANKED LINKER/LOCATER V6.22                                                      11/21/2019  20:42:59  PAGE 38


  C:02C8H         LINE#         824
  C:02C8H         LINE#         825
  C:02CDH         LINE#         826
  C:02D4H         LINE#         827
  C:02D4H         LINE#         828
  C:02DBH         LINE#         829
  C:02DDH         LINE#         830
  C:02E2H         LINE#         831
  C:02E4H         LINE#         833
  C:02E4H         LINE#         834
  C:02E9H         LINE#         835
  C:02E9H         LINE#         836
  C:02EBH         LINE#         838
  C:02EBH         LINE#         839
  C:02F0H         LINE#         840
  C:02F0H         LINE#         841
  C:02F0H         LINE#         843
  C:02F4H         LINE#         844
  C:02F4H         LINE#         845
  C:02F7H         LINE#         846
  C:031CH         LINE#         847
  C:031FH         LINE#         848
  C:0325H         LINE#         849
  C:0325H         LINE#         850
  C:032BH         LINE#         851
  C:0360H         LINE#         852
  C:0362H         LINE#         853
  C:0368H         LINE#         854
  C:0368H         LINE#         855
  C:036BH         LINE#         856
  C:0392H         LINE#         857
  C:0394H         LINE#         859
  C:0394H         LINE#         860
  C:039DH         LINE#         861
  C:03D9H         LINE#         862
  C:03D9H         LINE#         864
  C:03DBH         LINE#         866
  C:03E1H         LINE#         867
  -------         ENDPROC       _HAL_NRF_READ_MULTIBYTE_REG
  -------         PROC          _HAL_NRF_WRITE_MULTIBYTE_REG
  D:0007H         SYMBOL        reg
  D:0015H         SYMBOL        pbuf
  D:0018H         SYMBOL        length
  -------         DO            
  D:0005H         SYMBOL        memtype
  D:0006H         SYMBOL        next
  D:0019H         SYMBOL        dummy
  -------         DO            
  D:001AH         SYMBOL        buf
  D:001AH         SYMBOL        buf
  D:001AH         SYMBOL        buf
  D:001AH         SYMBOL        buf
  -------         ENDDO         
  -------         DO            
  D:001AH         SYMBOL        buf
  D:001AH         SYMBOL        buf
  D:001AH         SYMBOL        buf
BL51 BANKED LINKER/LOCATER V6.22                                                      11/21/2019  20:42:59  PAGE 39


  -------         ENDDO         
  -------         DO            
  D:001AH         SYMBOL        buf
  D:001AH         SYMBOL        buf
  -------         ENDDO         
  -------         DO            
  D:001AH         SYMBOL        buf
  -------         ENDDO         
  -------         ENDDO         
  C:085DH         LINE#         878
  C:0863H         LINE#         882
  C:0863H         LINE#         887
  C:0865H         LINE#         889
  C:0867H         LINE#         890
  C:0869H         LINE#         892
  C:086CH         LINE#         893
  C:086CH         LINE#         894
  C:086FH         LINE#         895
  C:0886H         LINE#         896
  C:0888H         LINE#         897
  C:088DH         LINE#         898
  C:088DH         LINE#         899
  C:0893H         LINE#         900
  C:08B4H         LINE#         901
  C:08B6H         LINE#         902
  C:08BBH         LINE#         903
  C:08BBH         LINE#         904
  C:08BEH         LINE#         905
  C:08D5H         LINE#         906
  C:08D7H         LINE#         908
  C:08D7H         LINE#         909
  C:08E0H         LINE#         910
  C:0906H         LINE#         911
  C:0906H         LINE#         913
  C:090CH         LINE#         914
  C:090FH         LINE#         915
  C:0911H         LINE#         916
  -------         ENDPROC       _HAL_NRF_WRITE_MULTIBYTE_REG
  -------         ENDMOD        HAL_NRF

  -------         MODULE        HAL_UART
  C:0000H         SYMBOL        _ICE_DUMMY_
  D:0080H         PUBLIC        P0
  D:0090H         PUBLIC        P1
  D:00A0H         PUBLIC        P2
  D:00B0H         PUBLIC        P3
  I:0055H         SYMBOL        uart_rx
  I:0075H         SYMBOL        uart_tx
  D:00A8H         PUBLIC        IEN0
  D:00B8H         PUBLIC        IEN1
  B:0098H.4       PUBLIC        REN0
  C:13F8H         PUBLIC        hal_uart_getchar
  C:0E75H         PUBLIC        uart0_isr
  D:00BAH         PUBLIC        S0RELH
  D:0030H         SYMBOL        uart_rx_cnt
  D:0087H         PUBLIC        PCON
  C:12F0H         PUBLIC        _hal_uart_putchar
BL51 BANKED LINKER/LOCATER V6.22                                                      11/21/2019  20:42:59  PAGE 40


  D:0031H         SYMBOL        uart_tx_cnt
  D:00AAH         PUBLIC        S0RELL
  D:0088H         PUBLIC        TCON
  B:00A8H.4       PUBLIC        ES0
  B:0098H.0       PUBLIC        RI0
  D:0032H         SYMBOL        uart_rx_rp
  B:0098H.1       PUBLIC        TI0
  D:0033H         SYMBOL        uart_tx_rp
  B:0098H.7       PUBLIC        SM0
  B:0098H.6       PUBLIC        SM1
  D:0034H         SYMBOL        uart_rx_wp
  C:171AH         PUBLIC        hal_uart_chars_available
  D:0035H         SYMBOL        uart_tx_wp
  D:0099H         PUBLIC        S0BUF
  C:16A1H         PUBLIC        hal_uart_tx_complete
  D:0098H         PUBLIC        S0CON
  D:00D8H         PUBLIC        ADCON
  D:00C8H         PUBLIC        T2CON
  D:00F8H         PUBLIC        FSR
  C:0F49H         PUBLIC        _hal_uart_init
  D:00E8H         PUBLIC        RFCON
  D:00D0H         PUBLIC        PSW
  D:00C0H         PUBLIC        IRCON
  -------         PROC          UART0_ISR
  C:0E75H         LINE#         41
  C:0E7EH         LINE#         43
  C:0E81H         LINE#         44
  C:0E81H         LINE#         45
  C:0E83H         LINE#         46
  C:0E8AH         LINE#         47
  C:0E8AH         LINE#         48
  C:0E91H         LINE#         49
  C:0E98H         LINE#         50
  C:0E9AH         LINE#         51
  C:0E9AH         LINE#         52
  C:0E9AH         LINE#         53
  C:0E9DH         LINE#         54
  C:0E9DH         LINE#         55
  C:0E9FH         LINE#         56
  C:0EA6H         LINE#         57
  C:0EA6H         LINE#         58
  C:0EAEH         LINE#         59
  C:0EB5H         LINE#         60
  C:0EB5H         LINE#         61
  C:0EB7H         LINE#         62
  C:0EB7H         LINE#         63
  -------         ENDPROC       UART0_ISR
  -------         PROC          _HAL_UART_INIT
  D:0007H         SYMBOL        baud
  -------         DO            
  D:0004H         SYMBOL        temp
  -------         ENDDO         
  C:0F49H         LINE#         65
  C:0F49H         LINE#         66
  C:0F49H         LINE#         69
  C:0F4BH         LINE#         70
  C:0F50H         LINE#         71
BL51 BANKED LINKER/LOCATER V6.22                                                      11/21/2019  20:42:59  PAGE 41


  C:0F52H         LINE#         72
  C:0F56H         LINE#         73
  C:0F58H         LINE#         74
  C:0F5AH         LINE#         75
  C:0F5CH         LINE#         76
  C:0F5EH         LINE#         77
  C:0F61H         LINE#         78
  C:0F64H         LINE#         79
  C:0F70H         LINE#         80
  C:0F70H         LINE#         81
  C:0F70H         LINE#         82
  C:0F74H         LINE#         83
  C:0F76H         LINE#         84
  C:0F76H         LINE#         85
  C:0F7AH         LINE#         86
  C:0F7CH         LINE#         87
  C:0F7CH         LINE#         88
  C:0F80H         LINE#         89
  C:0F82H         LINE#         90
  C:0F82H         LINE#         91
  C:0F82H         LINE#         92
  C:0F86H         LINE#         93
  C:0F86H         LINE#         94
  C:0F86H         LINE#         95
  C:0F88H         LINE#         96
  C:0F8BH         LINE#         100
  -------         ENDPROC       _HAL_UART_INIT
  -------         PROC          _HAL_UART_PUTCHAR
  D:0007H         SYMBOL        ch
  C:12F0H         LINE#         102
  C:12F0H         LINE#         103
  C:12F0H         LINE#         105
  C:12F7H         LINE#         107
  C:12F9H         LINE#         108
  C:12FDH         LINE#         109
  C:12FDH         LINE#         110
  C:12FFH         LINE#         111
  C:1301H         LINE#         113
  C:1301H         LINE#         114
  C:1308H         LINE#         115
  C:130FH         LINE#         116
  C:130FH         LINE#         117
  C:1311H         LINE#         118
  C:1313H         LINE#         119
  -------         ENDPROC       _HAL_UART_PUTCHAR
  -------         PROC          HAL_UART_CHARS_AVAILABLE
  C:171AH         LINE#         122
  C:171AH         LINE#         123
  C:171AH         LINE#         124
  C:171CH         LINE#         125
  -------         ENDPROC       HAL_UART_CHARS_AVAILABLE
  -------         PROC          HAL_UART_TX_COMPLETE
  C:16A1H         LINE#         127
  C:16A1H         LINE#         128
  C:16A1H         LINE#         129
  C:16A5H         LINE#         130
  C:16A5H         LINE#         131
BL51 BANKED LINKER/LOCATER V6.22                                                      11/21/2019  20:42:59  PAGE 42


  C:16A8H         LINE#         132
  C:16A8H         LINE#         134
  C:16A8H         LINE#         135
  C:16AAH         LINE#         136
  C:16AAH         LINE#         137
  -------         ENDPROC       HAL_UART_TX_COMPLETE
  -------         PROC          HAL_UART_GETCHAR
  -------         DO            
  D:0007H         SYMBOL        ch
  -------         ENDDO         
  C:13F8H         LINE#         138
  C:13F8H         LINE#         139
  C:13F8H         LINE#         144
  C:13FCH         LINE#         145
  C:13FCH         LINE#         146
  C:13FEH         LINE#         147
  C:1405H         LINE#         148
  C:140CH         LINE#         149
  C:140EH         LINE#         150
  C:1410H         LINE#         151
  C:1410H         LINE#         152
  -------         ENDPROC       HAL_UART_GETCHAR
  -------         ENDMOD        HAL_UART

  -------         MODULE        ?C?COPY
  C:011EH         PUBLIC        ?C?COPY
  -------         ENDMOD        ?C?COPY

  -------         MODULE        ?C?CLDPTR
  C:0144H         PUBLIC        ?C?CLDPTR
  -------         ENDMOD        ?C?CLDPTR

  -------         MODULE        ?C?CLDOPTR
  C:015DH         PUBLIC        ?C?CLDOPTR
  -------         ENDMOD        ?C?CLDOPTR

  -------         MODULE        ?C?CSTPTR
  C:018AH         PUBLIC        ?C?CSTPTR
  -------         ENDMOD        ?C?CSTPTR

  -------         MODULE        ?C?CSTOPTR
  C:019CH         PUBLIC        ?C?CSTOPTR
  -------         ENDMOD        ?C?CSTOPTR

  -------         MODULE        ?C?UIDIV
  C:01BEH         PUBLIC        ?C?UIDIV
  -------         ENDMOD        ?C?UIDIV

  -------         MODULE        ?C?ISTPTR
  C:0213H         PUBLIC        ?C?ISTPTR
  -------         ENDMOD        ?C?ISTPTR

  -------         MODULE        ?C?SLCMP
  C:0232H         PUBLIC        ?C?SLCMP
  -------         ENDMOD        ?C?SLCMP

  -------         MODULE        ?C?ULCMP
BL51 BANKED LINKER/LOCATER V6.22                                                      11/21/2019  20:42:59  PAGE 43


  C:0248H         PUBLIC        ?C?ULCMP
  -------         ENDMOD        ?C?ULCMP

  -------         MODULE        ?C?LSTXDATA
  C:0259H         PUBLIC        ?C?LSTXDATA
  -------         ENDMOD        ?C?LSTXDATA

  -------         MODULE        ?C?LSTKXDATA
  C:0265H         PUBLIC        ?C?LSTKXDATA
  -------         ENDMOD        ?C?LSTKXDATA

  -------         MODULE        STRLEN
  C:146CH         PUBLIC        _STRLEN
  -------         ENDMOD        STRLEN

Program Size: data=150.0 xdata=83 code=5917
LINK/LOCATE RUN COMPLETE.  0 WARNING(S),  0 ERROR(S)
