C51 COMPILER V9.00   MAIN                                                                  10/29/2017 18:09:17 PAGE 1   


C51 COMPILER V9.00, COMPILATION OF MODULE MAIN
OBJECT MODULE PLACED IN .\Object\main.obj
COMPILER INVOKED BY: C:\Keil\C51\BIN\C51.EXE main.c OPTIMIZE(4,SPEED) BROWSE INCDIR(hal\nrf24le1;hal\nrf24l01p;hal;compi
                    -ler\c51;compiler\common) DEFINE(MCU_NRF24LE1) DEBUG OBJECTEXTEND PRINT(.\List\main.lst) OBJECT(.\Object\main.obj)

line level    source

   1          #include <reg24le1.h>
   2          #include <stdint.h>
   3          #include <stdbool.h>
   4          #include "hal_nrf.h"
   5          #include "hal_nrf_hw.h"
   6          #include "hal_clk.h"
   7          #include "hal_rtc.h"
   8          #include "hal_delay.h"
   9          #include "hal_adc.h"
  10          #include "hal_wdog.h"
  11          #include "hal_uart.h"
  12          #include "string.h"
  13          
  14          
  15          /*************************user modify settings****************************/
  16          #define  TAG_ID 7
  17          
  18          uint8_t  TX_ADDRESS[5]  = {0x55,0x56,0x57,0x58,0x59}; // TX address
  19          uint8_t HopCH[3] = {105,76,108};
  20          
  21          #define  TAG_TIME        10530+64*TAG_ID                //sleep time£º10530=0.3s;       32768=1s
  22          #define  TX_PAYLOAD      4              // data length
  23          #define  ADC_TIME        10800          //volt of BAT,   every =   ADC_TIME*TAG_TIME     
  24          
  25          #define  RF_POWER                HAL_NRF_6DBM
  26          //HAL_NRF_18DBM,          /**< Output power set to -18dBm */
  27          //HAL_NRF_12DBM,          /**< Output power set to -12dBm */
  28          //HAL_NRF_6DBM,           /**< Output power set to -6dBm  */
  29          //HAL_NRF_0DBM            /**< Output power set to 0dBm   */
  30          
  31          /******************************************************************************/
  32          
  33          
  34          //#define  S1    P15  // Key S1
  35          //#define  S2    P16  // Key S2
  36          
  37          
  38          
  39          /* Watchdog*/
  40          #define USE_WDT   1
  41          #define WDT_TIME  256  //2S
  42          
  43          
  44          
  45          uint8_t   CellVoltageH;
  46          uint8_t   CellVoltageL;
  47          xdata bool  radio_busy;
  48          xdata uint8_t  TxPayload[TX_PAYLOAD];
  49          xdata uint8_t  RxPayload[32];
  50          uint16_t PipeAndLen;
  51          uint8_t CurrCH = 0;
  52          
  53          
  54          void PrintInt16(uint16_t Counter);
C51 COMPILER V9.00   MAIN                                                                  10/29/2017 18:09:17 PAGE 2   

  55          
  56          
  57          void UART0_SendStr( char* str )
  58          {
  59   1          uint8_t i;
  60   1          uint8_t size = strlen(str);
  61   1          for(i=0; i<size; i++)
  62   1          {
  63   2              hal_uart_putchar(*(str+i));
  64   2          }
  65   1      }
  66          
  67          void IoInit(void)
  68          {
  69   1          //P0DIR = 0x00;
  70   1          //P1DIR = 0x00;
  71   1      
  72   1              P1DIR = ( 1<<5 ) | ( 1<<6 );    //p0.0 p0.1  input£¬others output
  73   1              P0DIR = 0;
  74   1              P1 = 0xff;
  75   1              P1CON = 0xD5;                   //Enable pull up for P0.0
  76   1              P1CON = 0xD6;                   //Enable pull up for P0.1
  77   1              P0 &= ~( 1<<2 );
  78   1              P0 &= ~( 1<<1 );  
  79   1      
  80   1      }
  81          
  82          
  83          void adc_init(void)              //get volt of BAT
  84          {
  85   1          hal_adc_set_input_channel(HAL_INP_VDD1_3);          //1/3 VDD
  86   1          hal_adc_set_reference(HAL_ADC_REF_INT);             //set REF int 1.2V
  87   1          hal_adc_set_input_mode(HAL_ADC_SINGLE);
  88   1          hal_adc_set_conversion_mode(HAL_ADC_SINGLE_STEP);
  89   1          hal_adc_set_sampling_rate(HAL_ADC_2KSPS);
  90   1          hal_adc_set_resolution(HAL_ADC_RES_12BIT);          //12 bit ADC
  91   1          hal_adc_set_data_just(HAL_ADC_JUST_RIGHT);
  92   1      }
  93          
  94          void set_timer_period(uint16_t period)
  95          {
  96   1          if((period<10) && (period>65536))period = 32768;
  97   1          hal_rtc_start(false);
  98   1          hal_rtc_start(true);
  99   1          hal_rtc_set_compare_value(period - 1);
 100   1      }
 101          
 102          
 103          void RfCofig(void)
 104          {
 105   1          RFCKEN = 1;
 106   1      
 107   1          hal_nrf_close_pipe(HAL_NRF_ALL);
 108   1          hal_nrf_open_pipe(HAL_NRF_PIPE0,false);
 109   1      
 110   1          hal_nrf_set_operation_mode(HAL_NRF_PTX);
 111   1          hal_nrf_set_rf_channel(HopCH[0]);
 112   1          hal_nrf_set_datarate(HAL_NRF_2MBPS);
 113   1          hal_nrf_set_output_power(RF_POWER);
 114   1          hal_nrf_set_crc_mode(HAL_NRF_CRC_8BIT);
 115   1          hal_nrf_set_address_width(HAL_NRF_AW_5BYTES);
 116   1          hal_nrf_enable_dynamic_payload(false);
C51 COMPILER V9.00   MAIN                                                                  10/29/2017 18:09:17 PAGE 3   

 117   1          hal_nrf_set_rx_payload_width(0,TX_PAYLOAD);
 118   1          hal_nrf_set_address(HAL_NRF_TX,TX_ADDRESS);
 119   1          hal_nrf_set_auto_retr(0,1500);
 120   1          hal_nrf_set_power_mode(HAL_NRF_PWR_UP);
 121   1          RF = 1;
 122   1          EA = 1;
 123   1      }
 124          
 125          void mcu_init(void)
 126          {
 127   1          hal_rtc_start(false);
 128   1          hal_clklf_set_source(HAL_CLKLF_RCOSC32K);           // Use 32.768KHz RC
 129   1      
 130   1          hal_rtc_set_compare_mode(HAL_RTC_COMPARE_MODE_0);   // Use 32 KHz timer mode 0
 131   1          set_timer_period(TAG_TIME);                         // Set the RTC2 time£¬card sleep time
 132   1          hal_clk_set_16m_source(HAL_CLK_XOSC16M);            // Always run on 16MHz crystal oscillator
 133   1          hal_clk_regret_xosc16m_on(0);                       // Keep XOSC16M off in register retention
 134   1      
 135   1          hal_rtc_start(true);
 136   1      
 137   1          while((CLKLFCTRL&0x80)==0x80);                          // Wait for the 32kHz to startup (change phase)
 138   1          while((CLKLFCTRL&0x80)!=0x80);
 139   1      }
 140          
 141          void Assemble_Data(void)
 142          {
 143   1      
 144   1              P1 |= ( 1<<5 ) | ( 1<<6 );  //P1.5 = 1; P1.6 = 1
 145   1              if( !( P1 & ( 1<<5 ) ) )    //check P1.5
 146   1              {
 147   2                      TxPayload[0] = 2;//FUNCTION_CODE
 148   2              }
 149   1              else if( !( P1 & ( 1<<6 ) ) )    //Check P1.6
 150   1              {
 151   2                      TxPayload[0] = 3;//FUNCTION_CODE
 152   2              }
 153   1              else
 154   1              {
 155   2                      TxPayload[0] = 0;//FUNCTION_CODE
 156   2              }
 157   1      
 158   1          TxPayload[1] = TAG_ID;
 159   1          TxPayload[2] = CellVoltageH;
 160   1          TxPayload[3] = CellVoltageL;
 161   1      }
 162          
 163          void main()
 164          {
 165   1      
 166   1          xdata   uint32_t  loopCount = ADC_TIME-1;
 167   1      
 168   1          IoInit();
 169   1          mcu_init();
 170   1      
 171   1          //hal_uart_init(UART_BAUD_9K6);  //UART£¬bps9600
 172   1          while(hal_clk_get_16m_source() != HAL_CLK_XOSC16M)
 173   1          {
 174   2          }
 175   1      
 176   1          //hal_uart_putchar('a');
 177   1      
 178   1          adc_init();
C51 COMPILER V9.00   MAIN                                                                  10/29/2017 18:09:17 PAGE 4   

 179   1          RfCofig();
 180   1      
 181   1      #ifdef  USE_WDT
 182   1          hal_wdog_init(WDT_TIME);//watch dog 2s
 183   1      #endif
 184   1      
 185   1          while(1)
 186   1          {
 187   2              loopCount++;
 188   2              //PrintInt16(loopCount);
 189   2              //UART0_SendStr("\r\n");
 190   2      
 191   2      #ifdef  USE_WDT
 192   2              hal_wdog_restart(); //feed dog
 193   2      #endif
 194   2      
 195   2              if(loopCount == ADC_TIME)    //Get volt of BAT every 5mins
 196   2              {
 197   3                  hal_adc_start();           //ADC
 198   3                  while( hal_adc_busy())     //wait ADC finish
 199   3                      ;
 200   3                  CellVoltageH = hal_adc_read_MSB(); //get ADC
 201   3                  CellVoltageL = hal_adc_read_LSB();
 202   3                  loopCount=0;
 203   3              }
 204   2      
 205   2              CurrCH++;
 206   2              if (CurrCH>2)
 207   2              {
 208   3                  CurrCH = 0;
 209   3              }
 210   2              hal_nrf_set_rf_channel(HopCH[CurrCH]);    //sent in 3 channels in one senconds
 211   2      
 212   2      
 213   2      
 214   2              PWRDWN = 0x04;    // power down
 215   2              PWRDWN = 0x00;
 216   2      
 217   2              Assemble_Data();
 218   2              hal_nrf_write_tx_payload_noack(TxPayload,TX_PAYLOAD);
 219   2      
 220   2              CE_PULSE();                 //RF send
 221   2              radio_busy = true;
 222   2              while(radio_busy)                   //wait RF finish
 223   2                  ;
 224   2          }
 225   1      }
 226          
 227          void rf_irq() interrupt INTERRUPT_RFIRQ
 228          {
 229   1          uint8_t  irq_flags;
 230   1      
 231   1          irq_flags = hal_nrf_get_clear_irq_flags();
 232   1      
 233   1          if(irq_flags & (1<<HAL_NRF_RX_DR))
 234   1          {
 235   2      
 236   2              while(!hal_nrf_rx_fifo_empty())// Read payload
 237   2              {
 238   3                  PipeAndLen = hal_nrf_read_rx_payload(RxPayload);
 239   3              }
 240   2              radio_busy = false;
C51 COMPILER V9.00   MAIN                                                                  10/29/2017 18:09:17 PAGE 5   

 241   2          }
 242   1      
 243   1          if(irq_flags & ((1<<HAL_NRF_TX_DS)))                        // transimmter finish
 244   1          {
 245   2              radio_busy = false;
 246   2          }
 247   1      
 248   1          if(irq_flags & ((1<<HAL_NRF_MAX_RT)))                       // re-transimmter
 249   1          {
 250   2              radio_busy = false;
 251   2              hal_nrf_flush_tx();
 252   2          }
 253   1      }
 254          
 255          //void PrintInt16(uint16_t Counter)
 256          //{
 257          //    uint8_t onechar;
 258          //
 259          //    onechar = Counter/10000%10+0x30;
 260          //    hal_uart_putchar(onechar);
 261          //
 262          //    onechar = Counter/1000%10+0x30;
 263          //    hal_uart_putchar(onechar);
 264          //
 265          //    onechar = Counter/100%10+0x30;
 266          //    hal_uart_putchar(onechar);
 267          //
 268          //    onechar = Counter/10%10+0x30;
 269          //    hal_uart_putchar(onechar);
 270          //
 271          //    onechar = Counter%10+0x30;
 272          //    hal_uart_putchar(onechar);
 273          //}


MODULE INFORMATION:   STATIC OVERLAYABLE
   CODE SIZE        =    668    ----
   CONSTANT SIZE    =   ----    ----
   XDATA SIZE       =     37       4
   PDATA SIZE       =   ----    ----
   DATA SIZE        =     13       9
   IDATA SIZE       =   ----    ----
   BIT SIZE         =   ----    ----
END OF MODULE INFORMATION.


C51 COMPILATION COMPLETE.  0 WARNING(S),  0 ERROR(S)
